<html>
<body>
<pre>
<h1>µVision Build Log</h1>
<h2>Tool Versions:</h2>
IDE-Version: ¦ÌVision V5.42.0.0
Copyright (C) 2025 ARM Ltd and ARM Germany GmbH. All rights reserved.
License Information: liu yuqing, stu, LIC=21E4T-RVIFD-SBKEJ-U59X4-WSZ4B-ARYEF
 
Tool Versions:
Toolchain:       MDK-ARM Plus  Version: 5.42.0.0
Toolchain Path:  E:\keil_v5\ARM\ARMCC\Bin
C Compiler:      Armcc.exe V5.06 update 1 (build 61)
Assembler:       Armasm.exe V5.06 update 1 (build 61)
Linker/Locator:  ArmLink.exe V5.06 update 1 (build 61)
Library Manager: ArmAr.exe V5.06 update 1 (build 61)
Hex Converter:   FromElf.exe V5.06 update 1 (build 61)
CPU DLL:         SARMCM3.DLL V5.42.0.0
Dialog DLL:      DCM.DLL V1.17.5.0
Target DLL:      STLink\ST-LINKIII-KEIL_SWO.dll V3.3.0.0
Dialog DLL:      TCM.DLL V1.56.6.0
 
<h2>Project:</h2>
D:\StudyWork\stm32\ZHAO-Watch-MH\Keil5_code\Project.uvprojx
Project File Date:  08/06/2025

<h2>Output:</h2>
*** Using Compiler 'V5.06 update 1 (build 61)', folder: 'E:\keil_v5\ARM\ARMCC\Bin'
Build target 'Target 1'
assembling startup_stm32f10x_md.s...
compiling core_cm3.c...
compiling system_stm32f10x.c...
compiling misc.c...
compiling stm32f10x_bkp.c...
compiling stm32f10x_adc.c...
compiling stm32f10x_crc.c...
compiling stm32f10x_cec.c...
compiling stm32f10x_dbgmcu.c...
compiling stm32f10x_dac.c...
compiling stm32f10x_exti.c...
compiling stm32f10x_can.c...
compiling stm32f10x_dma.c...
compiling stm32f10x_fsmc.c...
compiling stm32f10x_flash.c...
compiling stm32f10x_i2c.c...
compiling stm32f10x_gpio.c...
compiling stm32f10x_iwdg.c...
compiling stm32f10x_rtc.c...
compiling Delay.c...
compiling stm32f10x_spi.c...
compiling MyRTC.c...
compiling AD.c...
compiling stm32_power.c...
compiling stm32f10x_wwdg.c...
compiling stm32f10x_pwr.c...
compiling Serial1.c...
compiling stm32f10x_usart.c...
compiling stm32f10x_rcc.c...
compiling stm32f10x_sdio.c...
compiling OLED_Fonts.c...
compiling Bootloader.c...
compiling stm32f10x_tim.c...
compiling OLED_driver.c...
compiling OLED_UI_Driver.c...
compiling OLED.c...
compiling W25Q128_SPI1.c...
Hardware\W25Q128_SPI1.c(137): warning:  #550-D: variable "Timeout" was set but never used
  	uint32_t Timeout;
Hardware\W25Q128_SPI1.c: 1 warning, 0 errors
compiling OLED_UI_MenuData.c...
compiling Time_page.c...
compiling YXMP3.c...
compiling stm32f10x_it.c...
compiling main.c...
compiling MPU6050.c...
compiling MyI2C.c...
compiling OLED_UI.c...
compiling AHT20.c...
APPdata\AHT20.c(471): warning:  #550-D: variable "Byte_first" was set but never used
  	uint8_t Byte_first,Byte_second,Byte_third,Byte_fourth;
APPdata\AHT20.c(471): warning:  #177-D: variable "Byte_fourth" was declared but never referenced
  	uint8_t Byte_first,Byte_second,Byte_third,Byte_fourth;
APPdata\AHT20.c: 2 warnings, 0 errors
compiling video_app.c...
compiling calculator.c...
compiling voltage_mea.c...
APPdata\voltage_mea.c(412): warning:  #550-D: variable "ADValue" was set but never used
  			uint16_t ADValue ;
APPdata\voltage_mea.c: 1 warning, 0 errors
linking...
Program Size: Code=49638 RO-data=11018 RW-data=2152 ZI-data=4896  
".\Objects\Project.axf" - 0 Error(s), 4 Warning(s).

<h2>Software Packages used:</h2>

Package Vendor: Keil
                https://www.keil.com/pack/Keil.STM32F1xx_DFP.2.4.1.pack
                Keil::STM32F1xx_DFP@2.4.1
                STMicroelectronics STM32F1 Series Device Support, Drivers and Examples

<h2>Collection of Component include folders:</h2>
  E:/keil_v5/ARM/Pack/Keil/STM32F1xx_DFP/2.4.1/Device/Include

<h2>Collection of Component Files used:</h2>
Build Time Elapsed:  00:00:02
</pre>
</body>
</html>
