Component: ARM Compiler 5.06 update 1 (build 61) Tool: armlink [4d35a8]

==============================================================================

Section Cross References

    startup_stm32f10x_md.o(STACK) refers (Special) to heapauxi.o(.text) for __use_two_region_memory
    startup_stm32f10x_md.o(HEAP) refers (Special) to heapauxi.o(.text) for __use_two_region_memory
    startup_stm32f10x_md.o(RESET) refers (Special) to heapauxi.o(.text) for __use_two_region_memory
    startup_stm32f10x_md.o(RESET) refers to startup_stm32f10x_md.o(STACK) for __initial_sp
    startup_stm32f10x_md.o(RESET) refers to startup_stm32f10x_md.o(.text) for Reset_Handler
    startup_stm32f10x_md.o(RESET) refers to stm32f10x_it.o(i.NMI_Handler) for NMI_Handler
    startup_stm32f10x_md.o(RESET) refers to stm32f10x_it.o(i.HardFault_Handler) for HardFault_Handler
    startup_stm32f10x_md.o(RESET) refers to stm32f10x_it.o(i.MemManage_Handler) for MemManage_Handler
    startup_stm32f10x_md.o(RESET) refers to stm32f10x_it.o(i.BusFault_Handler) for BusFault_Handler
    startup_stm32f10x_md.o(RESET) refers to stm32f10x_it.o(i.UsageFault_Handler) for UsageFault_Handler
    startup_stm32f10x_md.o(RESET) refers to stm32f10x_it.o(i.SVC_Handler) for SVC_Handler
    startup_stm32f10x_md.o(RESET) refers to stm32f10x_it.o(i.DebugMon_Handler) for DebugMon_Handler
    startup_stm32f10x_md.o(RESET) refers to stm32f10x_it.o(i.PendSV_Handler) for PendSV_Handler
    startup_stm32f10x_md.o(RESET) refers to stm32f10x_it.o(i.SysTick_Handler) for SysTick_Handler
    startup_stm32f10x_md.o(RESET) refers to main.o(i.EXTI0_IRQHandler) for EXTI0_IRQHandler
    startup_stm32f10x_md.o(RESET) refers to voltage_mea.o(i.DMA1_Channel1_IRQHandler) for DMA1_Channel1_IRQHandler
    startup_stm32f10x_md.o(RESET) refers to main.o(i.EXTI9_5_IRQHandler) for EXTI9_5_IRQHandler
    startup_stm32f10x_md.o(RESET) refers to main.o(i.TIM4_IRQHandler) for TIM4_IRQHandler
    startup_stm32f10x_md.o(RESET) refers to serial1.o(i.USART1_IRQHandler) for USART1_IRQHandler
    startup_stm32f10x_md.o(RESET) refers to yxmp3.o(i.USART2_IRQHandler) for USART2_IRQHandler
    startup_stm32f10x_md.o(.text) refers (Special) to heapauxi.o(.text) for __use_two_region_memory
    startup_stm32f10x_md.o(.text) refers to system_stm32f10x.o(i.SystemInit) for SystemInit
    startup_stm32f10x_md.o(.text) refers to __main.o(!!!main) for __main
    startup_stm32f10x_md.o(.text) refers to startup_stm32f10x_md.o(HEAP) for Heap_Mem
    startup_stm32f10x_md.o(.text) refers to startup_stm32f10x_md.o(STACK) for Stack_Mem
    system_stm32f10x.o(i.SystemCoreClockUpdate) refers to system_stm32f10x.o(.data) for .data
    system_stm32f10x.o(i.SystemInit) refers to system_stm32f10x.o(i.SetSysClockTo72) for SetSysClockTo72
    stm32f10x_adc.o(i.ADC_DeInit) refers to stm32f10x_rcc.o(i.RCC_APB2PeriphResetCmd) for RCC_APB2PeriphResetCmd
    stm32f10x_bkp.o(i.BKP_DeInit) refers to stm32f10x_rcc.o(i.RCC_BackupResetCmd) for RCC_BackupResetCmd
    stm32f10x_can.o(i.CAN_DeInit) refers to stm32f10x_rcc.o(i.RCC_APB1PeriphResetCmd) for RCC_APB1PeriphResetCmd
    stm32f10x_can.o(i.CAN_GetITStatus) refers to stm32f10x_can.o(i.CheckITStatus) for CheckITStatus
    stm32f10x_cec.o(i.CEC_DeInit) refers to stm32f10x_rcc.o(i.RCC_APB1PeriphResetCmd) for RCC_APB1PeriphResetCmd
    stm32f10x_dac.o(i.DAC_DeInit) refers to stm32f10x_rcc.o(i.RCC_APB1PeriphResetCmd) for RCC_APB1PeriphResetCmd
    stm32f10x_flash.o(i.FLASH_EnableWriteProtection) refers to stm32f10x_flash.o(i.FLASH_WaitForLastOperation) for FLASH_WaitForLastOperation
    stm32f10x_flash.o(i.FLASH_EraseAllBank1Pages) refers to stm32f10x_flash.o(i.FLASH_WaitForLastBank1Operation) for FLASH_WaitForLastBank1Operation
    stm32f10x_flash.o(i.FLASH_EraseAllPages) refers to stm32f10x_flash.o(i.FLASH_WaitForLastOperation) for FLASH_WaitForLastOperation
    stm32f10x_flash.o(i.FLASH_EraseOptionBytes) refers to stm32f10x_flash.o(i.FLASH_GetReadOutProtectionStatus) for FLASH_GetReadOutProtectionStatus
    stm32f10x_flash.o(i.FLASH_EraseOptionBytes) refers to stm32f10x_flash.o(i.FLASH_WaitForLastOperation) for FLASH_WaitForLastOperation
    stm32f10x_flash.o(i.FLASH_ErasePage) refers to stm32f10x_flash.o(i.FLASH_WaitForLastOperation) for FLASH_WaitForLastOperation
    stm32f10x_flash.o(i.FLASH_ProgramHalfWord) refers to stm32f10x_flash.o(i.FLASH_WaitForLastOperation) for FLASH_WaitForLastOperation
    stm32f10x_flash.o(i.FLASH_ProgramOptionByteData) refers to stm32f10x_flash.o(i.FLASH_WaitForLastOperation) for FLASH_WaitForLastOperation
    stm32f10x_flash.o(i.FLASH_ProgramWord) refers to stm32f10x_flash.o(i.FLASH_WaitForLastOperation) for FLASH_WaitForLastOperation
    stm32f10x_flash.o(i.FLASH_ReadOutProtection) refers to stm32f10x_flash.o(i.FLASH_WaitForLastOperation) for FLASH_WaitForLastOperation
    stm32f10x_flash.o(i.FLASH_UserOptionByteConfig) refers to stm32f10x_flash.o(i.FLASH_WaitForLastOperation) for FLASH_WaitForLastOperation
[...]
    OLED_CF8x8                               0x0800dbbd   Data          77  oled_fonts.o(.constdata)
    UnKnown                                  0x0800dc0a   Data         656  oled_fonts.o(.constdata)
    Image_ADDV                               0x0800de9a   Data         128  oled_fonts.o(.constdata)
    Image_ADDV2                              0x0800df1a   Data         128  oled_fonts.o(.constdata)
    Image_BIPAN                              0x0800df9a   Data         128  oled_fonts.o(.constdata)
    Image_GAME                               0x0800e01a   Data         128  oled_fonts.o(.constdata)
    Image_MUSIC                              0x0800e09a   Data         128  oled_fonts.o(.constdata)
    Image_VIDEO                              0x0800e11a   Data         128  oled_fonts.o(.constdata)
    Image_setings                            0x0800e19a   Data         128  oled_fonts.o(.constdata)
    Image_flashlight                         0x0800e21a   Data         128  oled_fonts.o(.constdata)
    Image_second                             0x0800e29a   Data         128  oled_fonts.o(.constdata)
    OLED_UI_SettingsLogo                     0x0800e31a   Data         256  oled_fonts.o(.constdata)
    t1                                       0x0800e41a   Data          52  oled_fonts.o(.constdata)
    t2                                       0x0800e44e   Data          52  oled_fonts.o(.constdata)
    t3                                       0x0800e482   Data          52  oled_fonts.o(.constdata)
    t4                                       0x0800e4b6   Data          52  oled_fonts.o(.constdata)
    t5                                       0x0800e4ea   Data          52  oled_fonts.o(.constdata)
    t6                                       0x0800e51e   Data          52  oled_fonts.o(.constdata)
    t7                                       0x0800e552   Data          52  oled_fonts.o(.constdata)
    t8                                       0x0800e586   Data          52  oled_fonts.o(.constdata)
    t9                                       0x0800e5ba   Data          52  oled_fonts.o(.constdata)
    t0                                       0x0800e5ee   Data          52  oled_fonts.o(.constdata)
    i1                                       0x0800e622   Data          27  oled_fonts.o(.constdata)
    i2                                       0x0800e63d   Data          27  oled_fonts.o(.constdata)
    i3                                       0x0800e658   Data          27  oled_fonts.o(.constdata)
    i4                                       0x0800e673   Data          27  oled_fonts.o(.constdata)
    i5                                       0x0800e68e   Data          27  oled_fonts.o(.constdata)
    i6                                       0x0800e6a9   Data          27  oled_fonts.o(.constdata)
    i7                                       0x0800e6c4   Data          27  oled_fonts.o(.constdata)
    i8                                       0x0800e6df   Data          27  oled_fonts.o(.constdata)
    i9                                       0x0800e6fa   Data          27  oled_fonts.o(.constdata)
    i0                                       0x0800e715   Data          27  oled_fonts.o(.constdata)
    battery_voltage                          0x0800e744   Data         124  time_page.o(.constdata)
    battery_level                            0x0800e7c0   Data          31  time_page.o(.constdata)
    _monlen                                  0x0800e8b9   Data          12  _monlen.o(.constdata)
    __mathlib_zero                           0x0800e8c8   Data           8  qnan.o(.constdata)
    Region$$Table$$Base                      0x0800eba4   Number         0  anon$$obj.o(Region$$Table)
    Region$$Table$$Limit                     0x0800ebc4   Number         0  anon$$obj.o(Region$$Table)
    __ctype                                  0x0800ebed   Data           0  lc_ctype_c.o(locale$$data)
    SystemCoreClock                          0x20000000   Data           4  system_stm32f10x.o(.data)
    AHBPrescTable                            0x20000004   Data          16  system_stm32f10x.o(.data)
    MyRTC_Time                               0x2000002c   Data          14  myrtc.o(.data)
    POWER_OFF                                0x2000003a   Data           1  stm32_power.o(.data)
    p0                                       0x2000003b   Data           1  serial1.o(.data)
    p1                                       0x2000003c   Data           1  serial1.o(.data)
    we                                       0x2000003d   Data           1  serial1.o(.data)
    RxData                                   0x2000003e   Data           1  serial1.o(.data)
    OLED_ColorMode                           0x2000003f   Data           1  oled_driver.o(.data)
    Brightness_UP                            0x20000040   Data           1  oled_driver.o(.data)
    OLED_UI_EN                               0x20000044   Data           1  oled_ui.o(.data)
    KeyEnterFlag                             0x20000045   Data           1  oled_ui.o(.data)
    FadeOutFlag                              0x20000046   Data           1  oled_ui.o(.data)
    ColorMode                                0x20000047   Data           1  oled_ui.o(.data)
    OLED_UI_ShowFps                          0x20000048   Data           1  oled_ui.o(.data)
    d1                                       0x20000049   Data           1  oled_ui.o(.data)
    d2                                       0x2000004a   Data           1  oled_ui.o(.data)
    yiup                                     0x2000004b   Data           1  oled_ui.o(.data)
    ytup                                     0x2000004c   Data           1  oled_ui.o(.data)
    yu                                       0x2000004d   Data           1  oled_ui.o(.data)
    upp                                      0x2000004e   Data           1  oled_ui.o(.data)
    xiup                                     0x20000056   Data           1  oled_ui.o(.data)
    xtup                                     0x20000057   Data           1  oled_ui.o(.data)
    s1                                       0x20000058   Data           1  oled_ui.o(.data)
    xu                                       0x20000059   Data           1  oled_ui.o(.data)
    s2                                       0x2000005a   Data           1  oled_ui.o(.data)
    OLED_UI_Brightness                       0x2000005c   Data           2  oled_ui.o(.data)
    OLED_UI_Key                              0x2000006c   Data           4  oled_ui.o(.data)
    OLED_UI_LastKey                          0x20000070   Data           4  oled_ui.o(.data)
    CurrentMenuPage                          0x20000074   Data           4  oled_ui.o(.data)
    CurrentWindow                            0x20000078   Data           4  oled_ui.o(.data)
    OLED_SustainCounter                      0x2000007c   Data           4  oled_ui.o(.data)
    OLED_FPS                                 0x20000090   Data           6  oled_ui.o(.data)
    mubz                                     0x20000098   Data           1  oled_ui_menudata.o(.data)
    timedllKK                                0x20000099   Data           1  oled_ui_menudata.o(.data)
    RAWA                                     0x2000009a   Data           1  oled_ui_menudata.o(.data)
    Pick_up                                  0x2000009b   Data           1  oled_ui_menudata.o(.data)
    RAWAtri                                  0x2000009c   Data           2  oled_ui_menudata.o(.data)
    RAWAtrigger                              0x2000009e   Data           2  oled_ui_menudata.o(.data)
    timedll                                  0x200000a0   Data           4  oled_ui_menudata.o(.data)
    timedlll1                                0x200000a4   Data           4  oled_ui_menudata.o(.data)
    timedlll2                                0x200000a8   Data           4  oled_ui_menudata.o(.data)
    timedlll3                                0x200000ac   Data           4  oled_ui_menudata.o(.data)
    SetBrightnessWindow                      0x200000b0   Data          56  oled_ui_menudata.o(.data)
    MainMenuItems                            0x200000e8   Data         240  oled_ui_menudata.o(.data)
    SettingsMenuItems                        0x200001d8   Data         216  oled_ui_menudata.o(.data)
    AboutThisDeviceMenuItems                 0x200002b0   Data         360  oled_ui_menudata.o(.data)
    AboutOLED_UIMenuItems                    0x20000418   Data         168  oled_ui_menudata.o(.data)
    VIDEOWRITEMenuItems                      0x200004c0   Data         240  oled_ui_menudata.o(.data)
    VIDEOMenuItems                           0x200005b0   Data         144  oled_ui_menudata.o(.data)
    MainMenuPage                             0x20000640   Data          72  oled_ui_menudata.o(.data)
    SettingsMenuPage                         0x20000688   Data          72  oled_ui_menudata.o(.data)
    AboutThisDeviceMenuPage                  0x200006d0   Data          72  oled_ui_menudata.o(.data)
    AboutOLED_UIMenuPage                     0x20000718   Data          72  oled_ui_menudata.o(.data)
    VIDEOMenuPage                            0x20000760   Data          72  oled_ui_menudata.o(.data)
    VIDEOWRITEMenuPage                       0x200007a8   Data          72  oled_ui_menudata.o(.data)
    VIN                                      0x200007f4   Data           4  time_page.o(.data)
    show_BAT                                 0x200007f8   Data           4  time_page.o(.data)
    BAT_volt_CAL                             0x200007fc   Data           4  time_page.o(.data)
    Time_page_PXXXX                          0x20000800   Data           4  time_page.o(.data)
    MP3_OK                                   0x20000818   Data           1  yxmp3.o(.data)
    MP3_Play                                 0x20000819   Data           1  yxmp3.o(.data)
    MP3_Circulation                          0x2000081a   Data           1  yxmp3.o(.data)
    MP3volume                                0x2000081b   Data           1  yxmp3.o(.data)
    ReadLN                                   0x2000081c   Data           1  yxmp3.o(.data)
    Serial2_RxFlag                           0x20000820   Data           1  yxmp3.o(.data)
    MP3MAXfilesnum                           0x20000822   Data           2  yxmp3.o(.data)
    MP3atsnum                                0x20000824   Data           2  yxmp3.o(.data)
    MP3UPatsnum                              0x20000826   Data           2  yxmp3.o(.data)
    hold                                     0x20000828   Data           1  main.o(.data)
    Addtrigger                               0x20000829   Data           1  main.o(.data)
    UPGyroX                                  0x2000082a   Data           2  main.o(.data)
    GyroX                                    0x2000082c   Data           2  main.o(.data)
    AHT20temperature                         0x20000834   Data           4  aht20.o(.data)
    AHT20humidity                            0x20000838   Data           4  aht20.o(.data)
    key                                      0x2000083c   Data           1  voltage_mea.o(.data)
    onkey                                    0x2000083d   Data           1  voltage_mea.o(.data)
    Sampling                                 0x2000083e   Data           1  voltage_mea.o(.data)
    Samplingmode                             0x2000083f   Data           1  voltage_mea.o(.data)
    Trigger_Slope                            0x20000840   Data           1  voltage_mea.o(.data)
    Fre                                      0x20000841   Data           1  voltage_mea.o(.data)
    WaP                                      0x20000842   Data           1  voltage_mea.o(.data)
    edge                                     0x20000843   Data           1  voltage_mea.o(.data)
    DMA_accomplish                           0x20000844   Data           1  voltage_mea.o(.data)
    upFre                                    0x20000845   Data           1  voltage_mea.o(.data)
    TIMPSC                                   0x20000846   Data           2  voltage_mea.o(.data)
    TIMARR                                   0x20000848   Data           2  voltage_mea.o(.data)
    TIMCCR                                   0x2000084a   Data           2  voltage_mea.o(.data)
    RTI                                      0x2000084c   Data           4  voltage_mea.o(.data)
    RangeUP                                  0x20000850   Data           4  voltage_mea.o(.data)
    RangeDOWH                                0x20000854   Data           4  voltage_mea.o(.data)
    Threshold_voltage                        0x20000858   Data           4  voltage_mea.o(.data)
    maxvoltage                               0x2000085c   Data           4  voltage_mea.o(.data)
    littlevoltage                            0x20000860   Data           4  voltage_mea.o(.data)
    VIDEOOKK                                 0x20000864   Data           1  video_app.o(.data)
    MyRTC_Time2                              0x20000868   Data          14  myrtc.o(.bss)
    OLED_DisplayBuf                          0x20000876   Data        1024  oled_driver.o(.bss)
    OLED_UI_Cursor                           0x20000c78   Data          96  oled_ui.o(.bss)
    OLED_UI_MenuFrame                        0x20000cd8   Data          96  oled_ui.o(.bss)
    OLED_UI_Window                           0x20000d38   Data          96  oled_ui.o(.bss)
    OLED_UI_ScrollBarHeight                  0x20000d98   Data          24  oled_ui.o(.bss)
    OLED_UI_ProbWidth                        0x20000db0   Data          24  oled_ui.o(.bss)
    OLED_UI_PageStartPoint                   0x20000dc8   Data          48  oled_ui.o(.bss)
    OLED_UI_LineStep                         0x20000df8   Data          24  oled_ui.o(.bss)
    Nodes_Cache                              0x20000e10   Data        1024  oled_ui_menudata.o(.bss)
    LogoMove                                 0x20001210   Data          48  oled_ui_menudata.o(.bss)
    LogoTextMove                             0x20001240   Data          48  oled_ui_menudata.o(.bss)
    WelcomeTextMove                          0x20001270   Data          48  oled_ui_menudata.o(.bss)
    Serial2_RxPacket                         0x200012a0   Data         100  yxmp3.o(.bss)
    WaveForm                                 0x20001304   Data         500  voltage_mea.o(.bss)
    __libspace_start                         0x20001524   Data          96  libspace.o(.bss)
    __temporary_stack_top$libspace           0x20001584   Data           0  libspace.o(.bss)



==============================================================================

Memory Map of the image

  Image Entry point : 0x080000ed

  Load Region LR_IROM1 (Base: 0x08000000, Size: 0x0000f558, Max: 0x00010000, ABSOLUTE, COMPRESSED[0x0000ef38])

    Execution Region ER_IROM1 (Exec base: 0x08000000, Load base: 0x08000000, Size: 0x0000ecf0, Max: 0x00010000, ABSOLUTE)

    Exec Addr    Load Addr    Size         Type   Attr      Idx    E Section Name        Object

    0x08000000   0x08000000   0x000000ec   Data   RO            3    RESET               startup_stm32f10x_md.o
    0x080000ec   0x080000ec   0x00000008   Code   RO         5154  * !!!main             c_w.l(__main.o)
    0x080000f4   0x080000f4   0x00000034   Code   RO         5773    !!!scatter          c_w.l(__scatter.o)
    0x08000128   0x08000128   0x0000005a   Code   RO         5771    !!dczerorl2         c_w.l(__dczerorl2.o)
    0x08000182   0x08000182   0x00000002   PAD
    0x08000184   0x08000184   0x0000001c   Code   RO         5775    !!handler_zi        c_w.l(__scatter_zi.o)
    0x080001a0   0x080001a0   0x00000000   Code   RO         5414    .ARM.Collect$$_printf_percent$$00000000  c_w.l(_printf_percent.o)
    0x080001a0   0x080001a0   0x00000006   Code   RO         5403    .ARM.Collect$$_printf_percent$$00000001  c_w.l(_printf_n.o)
    0x080001a6   0x080001a6   0x00000006   Code   RO         5405    .ARM.Collect$$_printf_percent$$00000002  c_w.l(_printf_p.o)
    0x080001ac   0x080001ac   0x00000006   Code   RO         5410    .ARM.Collect$$_printf_percent$$00000003  c_w.l(_printf_f.o)
    0x080001b2   0x080001b2   0x00000006   Code   RO         5411    .ARM.Collect$$_printf_percent$$00000004  c_w.l(_printf_e.o)
    0x080001b8   0x080001b8   0x00000006   Code   RO         5412    .ARM.Collect$$_printf_percent$$00000005  c_w.l(_printf_g.o)
    0x080001be   0x080001be   0x00000006   Code   RO         5413    .ARM.Collect$$_printf_percent$$00000006  c_w.l(_printf_a.o)
    0x080001c4   0x080001c4   0x0000000a   Code   RO         5418    .ARM.Collect$$_printf_percent$$00000007  c_w.l(_printf_ll.o)
    0x080001ce   0x080001ce   0x00000006   Code   RO         5407    .ARM.Collect$$_printf_percent$$00000008  c_w.l(_printf_i.o)
    0x080001d4   0x080001d4   0x00000006   Code   RO         5408    .ARM.Collect$$_printf_percent$$00000009  c_w.l(_printf_d.o)
    0x080001da   0x080001da   0x00000006   Code   RO         5409    .ARM.Collect$$_printf_percent$$0000000A  c_w.l(_printf_u.o)
    0x080001e0   0x080001e0   0x00000006   Code   RO         5406    .ARM.Collect$$_printf_percent$$0000000B  c_w.l(_printf_o.o)
    0x080001e6   0x080001e6   0x00000006   Code   RO         5404    .ARM.Collect$$_printf_percent$$0000000C  c_w.l(_printf_x.o)
    0x080001ec   0x080001ec   0x00000006   Code   RO         5415    .ARM.Collect$$_printf_percent$$0000000D  c_w.l(_printf_lli.o)
    0x080001f2   0x080001f2   0x00000006   Code   RO         5416    .ARM.Collect$$_printf_percent$$0000000E  c_w.l(_printf_lld.o)
    0x080001f8   0x080001f8   0x00000006   Code   RO         5417    .ARM.Collect$$_printf_percent$$0000000F  c_w.l(_printf_llu.o)
    0x080001fe   0x080001fe   0x00000006   Code   RO         5422    .ARM.Collect$$_printf_percent$$00000010  c_w.l(_printf_llo.o)
    0x08000204   0x08000204   0x00000006   Code   RO         5423    .ARM.Collect$$_printf_percent$$00000011  c_w.l(_printf_llx.o)
    0x0800020a   0x0800020a   0x0000000a   Code   RO         5419    .ARM.Collect$$_printf_percent$$00000012  c_w.l(_printf_l.o)
    0x08000214   0x08000214   0x00000006   Code   RO         5401    .ARM.Collect$$_printf_percent$$00000013  c_w.l(_printf_c.o)
    0x0800021a   0x0800021a   0x00000006   Code   RO         5402    .ARM.Collect$$_printf_percent$$00000014  c_w.l(_printf_s.o)
    0x08000220   0x08000220   0x00000006   Code   RO         5420    .ARM.Collect$$_printf_percent$$00000015  c_w.l(_printf_lc.o)
    0x08000226   0x08000226   0x00000006   Code   RO         5421    .ARM.Collect$$_printf_percent$$00000016  c_w.l(_printf_ls.o)
    0x0800022c   0x0800022c   0x00000004   Code   RO         5536    .ARM.Collect$$_printf_percent$$00000017  c_w.l(_printf_percent_end.o)
    0x08000230   0x08000230   0x00000002   Code   RO         5598    .ARM.Collect$$libinit$$00000000  c_w.l(libinit.o)
    0x08000232   0x08000232   0x00000000   Code   RO         5600    .ARM.Collect$$libinit$$00000002  c_w.l(libinit2.o)
    0x08000232   0x08000232   0x00000000   Code   RO         5602    .ARM.Collect$$libinit$$00000004  c_w.l(libinit2.o)
    0x08000232   0x08000232   0x00000000   Code   RO         5605    .ARM.Collect$$libinit$$0000000A  c_w.l(libinit2.o)
    0x08000232   0x08000232   0x00000000   Code   RO         5607    .ARM.Collect$$libinit$$0000000C  c_w.l(libinit2.o)
    0x08000232   0x08000232   0x00000000   Code   RO         5609    .ARM.Collect$$libinit$$0000000E  c_w.l(libinit2.o)
    0x08000232   0x08000232   0x00000006   Code   RO         5610    .ARM.Collect$$libinit$$0000000F  c_w.l(libinit2.o)
    0x08000238   0x08000238   0x00000000   Code   RO         5612    .ARM.Collect$$libinit$$00000011  c_w.l(libinit2.o)
    0x08000238   0x08000238   0x0000000c   Code   RO         5613    .ARM.Collect$$libinit$$00000012  c_w.l(libinit2.o)
    0x08000244   0x08000244   0x00000000   Code   RO         5614    .ARM.Collect$$libinit$$00000013  c_w.l(libinit2.o)
    0x08000244   0x08000244   0x00000000   Code   RO         5616    .ARM.Collect$$libinit$$00000015  c_w.l(libinit2.o)
    0x08000244   0x08000244   0x0000000a   Code   RO         5617    .ARM.Collect$$libinit$$00000016  c_w.l(libinit2.o)
    0x0800024e   0x0800024e   0x00000000   Code   RO         5618    .ARM.Collect$$libinit$$00000017  c_w.l(libinit2.o)
    0x0800024e   0x0800024e   0x00000000   Code   RO         5620    .ARM.Collect$$libinit$$00000019  c_w.l(libinit2.o)
    0x0800024e   0x0800024e   0x00000000   Code   RO         5622    .ARM.Collect$$libinit$$0000001B  c_w.l(libinit2.o)
    0x0800024e   0x0800024e   0x00000000   Code   RO         5624    .ARM.Collect$$libinit$$0000001D  c_w.l(libinit2.o)
    0x0800024e   0x0800024e   0x00000000   Code   RO         5626    .ARM.Collect$$libinit$$0000001F  c_w.l(libinit2.o)
    0x0800024e   0x0800024e   0x00000000   Code   RO         5628    .ARM.Collect$$libinit$$00000021  c_w.l(libinit2.o)
    0x0800024e   0x0800024e   0x00000000   Code   RO         5630    .ARM.Collect$$libinit$$00000023  c_w.l(libinit2.o)
    0x0800024e   0x0800024e   0x00000000   Code   RO         5632    .ARM.Collect$$libinit$$00000025  c_w.l(libinit2.o)
    0x0800024e   0x0800024e   0x00000000   Code   RO         5636    .ARM.Collect$$libinit$$0000002C  c_w.l(libinit2.o)
    0x0800024e   0x0800024e   0x00000000   Code   RO         5638    .ARM.Collect$$libinit$$0000002E  c_w.l(libinit2.o)
    0x0800024e   0x0800024e   0x00000000   Code   RO         5640    .ARM.Collect$$libinit$$00000030  c_w.l(libinit2.o)
    0x0800024e   0x0800024e   0x00000000   Code   RO         5642    .ARM.Collect$$libinit$$00000032  c_w.l(libinit2.o)
    0x0800024e   0x0800024e   0x00000002   Code   RO         5643    .ARM.Collect$$libinit$$00000033  c_w.l(libinit2.o)
    0x08000250   0x08000250   0x00000002   Code   RO         5707    .ARM.Collect$$libshutdown$$00000000  c_w.l(libshutdown.o)
    0x08000252   0x08000252   0x00000000   Code   RO         5730    .ARM.Collect$$libshutdown$$00000002  c_w.l(libshutdown2.o)
    0x08000252   0x08000252   0x00000000   Code   RO         5732    .ARM.Collect$$libshutdown$$00000004  c_w.l(libshutdown2.o)
    0x08000252   0x08000252   0x00000000   Code   RO         5735    .ARM.Collect$$libshutdown$$00000007  c_w.l(libshutdown2.o)
    0x08000252   0x08000252   0x00000000   Code   RO         5738    .ARM.Collect$$libshutdown$$0000000A  c_w.l(libshutdown2.o)
    0x08000252   0x08000252   0x00000000   Code   RO         5740    .ARM.Collect$$libshutdown$$0000000C  c_w.l(libshutdown2.o)
    0x08000252   0x08000252   0x00000000   Code   RO         5743    .ARM.Collect$$libshutdown$$0000000F  c_w.l(libshutdown2.o)
    0x08000252   0x08000252   0x00000002   Code   RO         5744    .ARM.Collect$$libshutdown$$00000010  c_w.l(libshutdown2.o)
    0x08000254   0x08000254   0x00000000   Code   RO         5328    .ARM.Collect$$rtentry$$00000000  c_w.l(__rtentry.o)
    0x08000254   0x08000254   0x00000000   Code   RO         5500    .ARM.Collect$$rtentry$$00000002  c_w.l(__rtentry2.o)
    0x08000254   0x08000254   0x00000006   Code   RO         5512    .ARM.Collect$$rtentry$$00000004  c_w.l(__rtentry4.o)
    0x0800025a   0x0800025a   0x00000000   Code   RO         5502    .ARM.Collect$$rtentry$$00000009  c_w.l(__rtentry2.o)
    0x0800025a   0x0800025a   0x00000004   Code   RO         5503    .ARM.Collect$$rtentry$$0000000A  c_w.l(__rtentry2.o)
    0x0800025e   0x0800025e   0x00000000   Code   RO         5505    .ARM.Collect$$rtentry$$0000000C  c_w.l(__rtentry2.o)
    0x0800025e   0x0800025e   0x00000008   Code   RO         5506    .ARM.Collect$$rtentry$$0000000D  c_w.l(__rtentry2.o)
    0x08000266   0x08000266   0x00000002   Code   RO         5648    .ARM.Collect$$rtexit$$00000000  c_w.l(rtexit.o)
    0x08000268   0x08000268   0x00000000   Code   RO         5673    .ARM.Collect$$rtexit$$00000002  c_w.l(rtexit2.o)
    0x08000268   0x08000268   0x00000004   Code   RO         5674    .ARM.Collect$$rtexit$$00000003  c_w.l(rtexit2.o)
    0x0800026c   0x0800026c   0x00000006   Code   RO         5675    .ARM.Collect$$rtexit$$00000004  c_w.l(rtexit2.o)
    0x08000272   0x08000272   0x00000002   PAD
    0x08000274   0x08000274   0x00000040   Code   RO            4    .text               startup_stm32f10x_md.o
    0x080002b4   0x080002b4   0x00000024   Code   RO         5137    .text               c_w.l(vsprintf.o)
    0x080002d8   0x080002d8   0x00000034   Code   RO         5139    .text               c_w.l(vsnprintf.o)
    0x0800030c   0x0800030c   0x0000008a   Code   RO         5141    .text               c_w.l(rt_memcpy_v6.o)
    0x08000396   0x08000396   0x00000064   Code   RO         5143    .text               c_w.l(rt_memcpy_w.o)
    0x080003fa   0x080003fa   0x00000002   PAD
    0x080003fc   0x080003fc   0x00000080   Code   RO         5145    .text               c_w.l(strcmpv7m.o)
    0x0800047c   0x0800047c   0x0000000c   Code   RO         5147    .text               c_w.l(localtime.o)
    0x08000488   0x08000488   0x000001a8   Code   RO         5150    .text               c_w.l(mktime.o)
    0x08000630   0x08000630   0x00000006   Code   RO         5152    .text               c_w.l(heapauxi.o)
    0x08000636   0x08000636   0x0000004e   Code   RO         5333    .text               c_w.l(_printf_pad.o)
    0x08000684   0x08000684   0x00000024   Code   RO         5335    .text               c_w.l(_printf_truncate.o)
    0x080006a8   0x080006a8   0x00000052   Code   RO         5337    .text               c_w.l(_printf_str.o)
    0x080006fa   0x080006fa   0x00000002   PAD
    0x080006fc   0x080006fc   0x00000078   Code   RO         5339    .text               c_w.l(_printf_dec.o)
    0x08000774   0x08000774   0x00000028   Code   RO         5341    .text               c_w.l(_printf_charcount.o)
    0x0800079c   0x0800079c   0x00000030   Code   RO         5343    .text               c_w.l(_printf_char_common.o)
    0x080007cc   0x080007cc   0x0000000a   Code   RO         5345    .text               c_w.l(_sputc.o)
    0x080007d6   0x080007d6   0x00000010   Code   RO         5347    .text               c_w.l(_snputc.o)
    0x080007e6   0x080007e6   0x00000002   PAD
    0x080007e8   0x080007e8   0x000000bc   Code   RO         5349    .text               c_w.l(_printf_wctomb.o)
    0x080008a4   0x080008a4   0x0000007c   Code   RO         5352    .text               c_w.l(_printf_longlong_dec.o)
    0x08000920   0x08000920   0x00000070   Code   RO         5358    .text               c_w.l(_printf_oct_int_ll.o)
    0x08000990   0x08000990   0x00000094   Code   RO         5378    .text               c_w.l(_printf_hex_int_ll_ptr.o)
    0x08000a24   0x08000a24   0x00000188   Code   RO         5398    .text               c_w.l(__printf_flags_ss_wp.o)
    0x08000bac   0x08000bac   0x000000b8   Code   RO         5427    .text               c_w.l(localtime_internal.o)
    0x08000c64   0x08000c64   0x0000008a   Code   RO         5519    .text               c_w.l(lludiv10.o)
    0x08000cee   0x08000cee   0x000000b2   Code   RO         5523    .text               c_w.l(_printf_intcommon.o)
    0x08000da0   0x08000da0   0x0000041a   Code   RO         5525    .text               c_w.l(_printf_fp_dec.o)
    0x080011ba   0x080011ba   0x00000002   PAD
    0x080011bc   0x080011bc   0x000002fc   Code   RO         5527    .text               c_w.l(_printf_fp_hex.o)
    0x080014b8   0x080014b8   0x0000002c   Code   RO         5532    .text               c_w.l(_printf_char.o)
    0x080014e4   0x080014e4   0x0000002c   Code   RO         5534    .text               c_w.l(_printf_wchar.o)
    0x08001510   0x08001510   0x00000040   Code   RO         5539    .text               c_w.l(_wcrtomb.o)
    0x08001550   0x08001550   0x0000004e   Code   RO         5544    .text               c_w.l(rt_memclr_w.o)
    0x0800159e   0x0800159e   0x00000002   PAD
    0x080015a0   0x080015a0   0x00000008   Code   RO         5550    .text               c_w.l(libspace.o)
    0x080015a8   0x080015a8   0x0000004a   Code   RO         5553    .text               c_w.l(sys_stackheap_outer.o)
    0x080015f2   0x080015f2   0x00000002   PAD
    0x080015f4   0x080015f4   0x00000010   Code   RO         5555    .text               c_w.l(rt_ctype_table.o)
    0x08001604   0x08001604   0x00000008   Code   RO         5560    .text               c_w.l(rt_locale_intlibspace.o)
    0x0800160c   0x0800160c   0x00000080   Code   RO         5562    .text               c_w.l(_printf_fp_infnan.o)
    0x0800168c   0x0800168c   0x000000dc   Code   RO         5566    .text               c_w.l(bigflt0.o)
    0x08001768   0x08001768   0x00000012   Code   RO         5591    .text               c_w.l(exit.o)
    0x0800177a   0x0800177a   0x00000002   PAD
    0x0800177c   0x0800177c   0x0000000c   Code   RO         5693    .text               c_w.l(sys_exit.o)
    0x08001788   0x08001788   0x00000002   Code   RO         5720    .text               c_w.l(use_no_semi.o)
    0x0800178a   0x0800178a   0x00000000   Code   RO         5722    .text               c_w.l(indicate_semi.o)
    0x0800178a   0x0800178a   0x0000003e   Code   RO         5569    CL$$btod_d2e        c_w.l(btod.o)
    0x080017c8   0x080017c8   0x00000046   Code   RO         5571    CL$$btod_d2e_denorm_low  c_w.l(btod.o)
    0x0800180e   0x0800180e   0x00000060   Code   RO         5570    CL$$btod_d2e_norm_op1  c_w.l(btod.o)
    0x0800186e   0x0800186e   0x00000338   Code   RO         5579    CL$$btod_div_common  c_w.l(btod.o)
    0x08001ba6   0x08001ba6   0x000000c6   Code   RO         5576    CL$$btod_e2e        c_w.l(btod.o)
    0x08001c6c   0x08001c6c   0x00000028   Code   RO         5573    CL$$btod_ediv       c_w.l(btod.o)
    0x08001c94   0x08001c94   0x00000028   Code   RO         5572    CL$$btod_emul       c_w.l(btod.o)
    0x08001cbc   0x08001cbc   0x00000244   Code   RO         5578    CL$$btod_mult_common  c_w.l(btod.o)
    0x08001f00   0x08001f00   0x00000014   Code   RO          197    i.ADC_Cmd           stm32f10x_adc.o
    0x08001f14   0x08001f14   0x00000014   Code   RO          198    i.ADC_DMACmd        stm32f10x_adc.o
    0x08001f28   0x08001f28   0x00000014   Code   RO          202    i.ADC_ExternalTrigConvCmd  stm32f10x_adc.o
    0x08001f3c   0x08001f3c   0x0000000e   Code   RO          205    i.ADC_GetCalibrationStatus  stm32f10x_adc.o
    0x08001f4a   0x08001f4a   0x00000006   Code   RO          206    i.ADC_GetConversionValue  stm32f10x_adc.o
    0x08001f50   0x08001f50   0x0000000e   Code   RO          208    i.ADC_GetFlagStatus  stm32f10x_adc.o
    0x08001f5e   0x08001f5e   0x0000000e   Code   RO          211    i.ADC_GetResetCalibrationStatus  stm32f10x_adc.o
    0x08001f6c   0x08001f6c   0x00000048   Code   RO          215    i.ADC_Init          stm32f10x_adc.o
    0x08001fb4   0x08001fb4   0x00000074   Code   RO          219    i.ADC_RegularChannelConfig  stm32f10x_adc.o
    0x08002028   0x08002028   0x0000000a   Code   RO          220    i.ADC_ResetCalibration  stm32f10x_adc.o
    0x08002032   0x08002032   0x00000014   Code   RO          222    i.ADC_SoftwareStartConvCmd  stm32f10x_adc.o
    0x08002046   0x08002046   0x0000000a   Code   RO          224    i.ADC_StartCalibration  stm32f10x_adc.o
    0x08002050   0x08002050   0x00000034   Code   RO         3357    i.AD_GetValue       ad.o
    0x08002084   0x08002084   0x0000008c   Code   RO         3358    i.AD_Init           ad.o
    0x08002110   0x08002110   0x00000016   Code   RO         4804    i.AHT20_Clock_Init  aht20.o
    0x08002126   0x08002126   0x00000002   PAD
    0x08002128   0x08002128   0x00000050   Code   RO         4805    i.AHT20_Get_data    aht20.o
    0x08002178   0x08002178   0x00000004   Code   RO         4806    i.AHT20_Init        aht20.o
    0x0800217c   0x0800217c   0x00000060   Code   RO         4807    i.AHT20_RD_Byte     aht20.o
    0x080021dc   0x080021dc   0x000000de   Code   RO         4808    i.AHT20_Read_CTdata  aht20.o
    0x080022ba   0x080022ba   0x00000022   Code   RO         4810    i.AHT20_Read_Status  aht20.o
    0x080022dc   0x080022dc   0x00000036   Code   RO         4811    i.AHT20_SendAC      aht20.o
    0x08002312   0x08002312   0x00000018   Code   RO         4812    i.AHT20_Start_Init  aht20.o
    0x0800232a   0x0800232a   0x0000004a   Code   RO         4813    i.AHT20_WR_Byte     aht20.o
    0x08002374   0x08002374   0x00000010   Code   RO          426    i.BKP_ReadBackupRegister  stm32f10x_bkp.o
    0x08002384   0x08002384   0x00000010   Code   RO          430    i.BKP_WriteBackupRegister  stm32f10x_bkp.o
    0x08002394   0x08002394   0x00000018   Code   RO         3850    i.BackEventMenuItem  oled_ui.o
    0x080023ac   0x080023ac   0x00000014   Code   RO         4225    i.BrightnessWindow  oled_ui_menudata.o
    0x080023c0   0x080023c0   0x00000002   Code   RO         4623    i.BusFault_Handler  stm32f10x_it.o
    0x080023c2   0x080023c2   0x0000003e   Code   RO         3851    i.CalcStringWidth   oled_ui.o
    0x08002400   0x08002400   0x00000076   Code   RO         3852    i.ChangeArea        oled_ui.o
    0x08002476   0x08002476   0x00000018   Code   RO         3853    i.ChangeDistance    oled_ui.o
    0x0800248e   0x0800248e   0x00000002   PAD
    0x08002490   0x08002490   0x000001ac   Code   RO         3854    i.ChangeFloatNum    oled_ui.o
    0x0800263c   0x0800263c   0x0000003e   Code   RO         3855    i.ChangePoint       oled_ui.o
    0x0800267a   0x0800267a   0x00000070   Code   RO         4226    i.CountPointRound   oled_ui_menudata.o
    0x080026ea   0x080026ea   0x00000002   PAD
    0x080026ec   0x080026ec   0x0000009c   Code   RO         3856    i.CurrentMenuPageBackUp  oled_ui.o
    0x08002788   0x08002788   0x000000e8   Code   RO         3857    i.CurrentMenuPageInit  oled_ui.o
    0x08002870   0x08002870   0x00000024   Code   RO         5013    i.DMA1_Channel1_IRQHandler  voltage_mea.o
    0x08002894   0x08002894   0x00000018   Code   RO          905    i.DMA_ClearITPendingBit  stm32f10x_dma.o
    0x080028ac   0x080028ac   0x00000016   Code   RO          906    i.DMA_Cmd           stm32f10x_dma.o
    0x080028c2   0x080028c2   0x00000002   PAD
    0x080028c4   0x080028c4   0x000000e4   Code   RO          907    i.DMA_DeInit        stm32f10x_dma.o
    0x080029a8   0x080029a8   0x00000020   Code   RO          910    i.DMA_GetITStatus   stm32f10x_dma.o
    0x080029c8   0x080029c8   0x00000010   Code   RO          911    i.DMA_ITConfig      stm32f10x_dma.o
    0x080029d8   0x080029d8   0x0000003a   Code   RO          912    i.DMA_Init          stm32f10x_dma.o
    0x08002a12   0x08002a12   0x00000004   Code   RO          913    i.DMA_SetCurrDataCounter  stm32f10x_dma.o
    0x08002a16   0x08002a16   0x00000002   Code   RO         4624    i.DebugMon_Handler  stm32f10x_it.o
    0x08002a18   0x08002a18   0x00000016   Code   RO         4815    i.Delay_1ms         aht20.o
    0x08002a2e   0x08002a2e   0x0000001e   Code   RO         4816    i.Delay_4us         aht20.o
    0x08002a4c   0x08002a4c   0x00000024   Code   RO         4817    i.Delay_5us         aht20.o
    0x08002a70   0x08002a70   0x00000006   Code   RO         4818    i.Delay_N10us       aht20.o
    0x08002a76   0x08002a76   0x00000016   Code   RO         4166    i.Delay_ms          oled_ui_driver.o
    0x08002a8c   0x08002a8c   0x00000020   Code   RO         4168    i.Delay_us          oled_ui_driver.o
    0x08002aac   0x08002aac   0x000000d0   Code   RO         3858    i.DrawLinePermix    oled_ui.o
    0x08002b7c   0x08002b7c   0x000001f4   Code   RO         5014    i.Draw_Waveform     voltage_mea.o
    0x08002d70   0x08002d70   0x00000024   Code   RO         4575    i.EXTI0_IRQHandler  main.o
    0x08002d94   0x08002d94   0x00000084   Code   RO         4576    i.EXTI9_5_IRQHandler  main.o
    0x08002e18   0x08002e18   0x0000000c   Code   RO          980    i.EXTI_ClearITPendingBit  stm32f10x_exti.o
    0x08002e24   0x08002e24   0x00000020   Code   RO          984    i.EXTI_GetITStatus  stm32f10x_exti.o
    0x08002e44   0x08002e44   0x00000070   Code   RO          985    i.EXTI_Init         stm32f10x_exti.o
    0x08002eb4   0x08002eb4   0x00000002   Code   RO         4169    i.Encoder_Disable   oled_ui_driver.o
    0x08002eb6   0x08002eb6   0x00000002   Code   RO         4170    i.Encoder_Enable    oled_ui_driver.o
    0x08002eb8   0x08002eb8   0x00000004   Code   RO         4171    i.Encoder_Get       oled_ui_driver.o
    0x08002ebc   0x08002ebc   0x0000005c   Code   RO         3859    i.EnterEventMenuItem  oled_ui.o
    0x08002f18   0x08002f18   0x00000028   Code   RO         1337    i.GPIO_EXTILineConfig  stm32f10x_gpio.o
    0x08002f40   0x08002f40   0x000000a2   Code   RO         1340    i.GPIO_Init         stm32f10x_gpio.o
    0x08002fe2   0x08002fe2   0x00000002   PAD
    0x08002fe4   0x08002fe4   0x00000058   Code   RO         1342    i.GPIO_PinRemapConfig  stm32f10x_gpio.o
    0x0800303c   0x0800303c   0x0000000e   Code   RO         1344    i.GPIO_ReadInputDataBit  stm32f10x_gpio.o
    0x0800304a   0x0800304a   0x00000004   Code   RO         1347    i.GPIO_ResetBits    stm32f10x_gpio.o
    0x0800304e   0x0800304e   0x00000004   Code   RO         1348    i.GPIO_SetBits      stm32f10x_gpio.o
    0x08003052   0x08003052   0x0000000a   Code   RO         1351    i.GPIO_WriteBit     stm32f10x_gpio.o
    0x0800305c   0x0800305c   0x00000108   Code   RO         4227    i.Game_Of_Life_Play  oled_ui_menudata.o
    0x08003164   0x08003164   0x0000004e   Code   RO         4228    i.Game_Of_Life_Turn  oled_ui_menudata.o
    0x080031b2   0x080031b2   0x00000002   PAD
    0x080031b4   0x080031b4   0x00000058   Code   RO         3860    i.GetCurrentMenuPageMaxSlotNum  oled_ui.o
    0x0800320c   0x0800320c   0x00000014   Code   RO         3861    i.GetEnterFlag      oled_ui.o
    0x08003220   0x08003220   0x00000020   Code   RO         3862    i.GetFPS            oled_ui.o
    0x08003240   0x08003240   0x00000014   Code   RO         3863    i.GetFadeoutFlag    oled_ui.o
    0x08003254   0x08003254   0x00000018   Code   RO         3864    i.GetMenuItemNum    oled_ui.o
    0x0800326c   0x0800326c   0x0000002e   Code   RO         3865    i.GetOLED_Font      oled_ui.o
    0x0800329a   0x0800329a   0x00000002   PAD
    0x0800329c   0x0800329c   0x00000020   Code   RO         3866    i.GetWindowDataStyle  oled_ui.o
    0x080032bc   0x080032bc   0x00000002   Code   RO         4625    i.HardFault_Handler  stm32f10x_it.o
    0x080032be   0x080032be   0x0000002e   Code   RO         4819    i.I2C_Start         aht20.o
    0x080032ec   0x080032ec   0x00000058   Code   RO         4820    i.Init_I2C_Sensor_Port  aht20.o
    0x08003344   0x08003344   0x000000a4   Code   RO         4821    i.JH_Reset_REG      aht20.o
    0x080033e8   0x080033e8   0x00000044   Code   RO         4173    i.Key_Init          oled_ui_driver.o
    0x0800342c   0x0800342c   0x00000078   Code   RO         3375    i.Load_Para         stm32_power.o
    0x080034a4   0x080034a4   0x00000042   Code   RO         4428    i.MP3CMD            yxmp3.o
    0x080034e6   0x080034e6   0x00000002   PAD
    0x080034e8   0x080034e8   0x00000050   Code   RO         4429    i.MP3_Read_data     yxmp3.o
    0x08003538   0x08003538   0x0000003a   Code   RO         4686    i.MPU6050_CYCLe_Init  mpu6050.o
    0x08003572   0x08003572   0x0000001a   Code   RO         4688    i.MPU6050_Get_GXData  mpu6050.o
    0x0800358c   0x0800358c   0x00000008   Code   RO         4690    i.MPU6050_RES       mpu6050.o
    0x08003594   0x08003594   0x0000003e   Code   RO         4691    i.MPU6050_ReadReg   mpu6050.o
    0x080035d2   0x080035d2   0x00000030   Code   RO         4692    i.MPU6050_WriteReg  mpu6050.o
    0x08003602   0x08003602   0x00000002   PAD
    0x08003604   0x08003604   0x00000038   Code   RO         4229    i.MainAuxFunc       oled_ui_menudata.o
    0x0800363c   0x0800363c   0x00000002   Code   RO         4626    i.MemManage_Handler  stm32f10x_it.o
    0x0800363e   0x0800363e   0x00000002   PAD
    0x08003640   0x08003640   0x0000002c   Code   RO         3867    i.MenuItemsMoveDown  oled_ui.o
    0x0800366c   0x0800366c   0x0000002c   Code   RO         3868    i.MenuItemsMoveLeft  oled_ui.o
    0x08003698   0x08003698   0x0000002c   Code   RO         3869    i.MenuItemsMoveRight  oled_ui.o
    0x080036c4   0x080036c4   0x0000002c   Code   RO         3870    i.MenuItemsMoveUp   oled_ui.o
    0x080036f0   0x080036f0   0x000000a0   Code   RO         3871    i.MoveMenuElements  oled_ui.o
    0x08003790   0x08003790   0x00000038   Code   RO         4740    i.MyI2C_Init        myi2c.o
    0x080037c8   0x080037c8   0x00000010   Code   RO         4741    i.MyI2C_R_SDA       myi2c.o
    0x080037d8   0x080037d8   0x0000001e   Code   RO         4742    i.MyI2C_ReceiveAck  myi2c.o
    0x080037f6   0x080037f6   0x00000034   Code   RO         4743    i.MyI2C_ReceiveByte  myi2c.o
    0x0800382a   0x0800382a   0x00000016   Code   RO         4744    i.MyI2C_SendAck     myi2c.o
    0x08003840   0x08003840   0x00000028   Code   RO         4745    i.MyI2C_SendByte    myi2c.o
    0x08003868   0x08003868   0x0000001e   Code   RO         4746    i.MyI2C_Start       myi2c.o
    0x08003886   0x08003886   0x00000018   Code   RO         4747    i.MyI2C_Stop        myi2c.o
    0x0800389e   0x0800389e   0x00000002   PAD
    0x080038a0   0x080038a0   0x00000010   Code   RO         4748    i.MyI2C_W_SCL       myi2c.o
    0x080038b0   0x080038b0   0x00000010   Code   RO         4749    i.MyI2C_W_SDA       myi2c.o
    0x080038c0   0x080038c0   0x00000072   Code   RO         3326    i.MyRTC_Init        myrtc.o
    0x08003932   0x08003932   0x00000002   PAD
    0x08003934   0x08003934   0x0000004c   Code   RO         3327    i.MyRTC_ReadTime    myrtc.o
    0x08003980   0x08003980   0x00000040   Code   RO         3328    i.MyRTC_SetTime     myrtc.o
    0x080039c0   0x080039c0   0x00000006   Code   RO         4495    i.MySPI_Start       w25q128_spi1.o
    0x080039c6   0x080039c6   0x00000006   Code   RO         4496    i.MySPI_Stop        w25q128_spi1.o
    0x080039cc   0x080039cc   0x00000034   Code   RO         4497    i.MySPI_SwapByte    w25q128_spi1.o
    0x08003a00   0x08003a00   0x00000010   Code   RO         4498    i.MySPI_W_SS        w25q128_spi1.o
    0x08003a10   0x08003a10   0x00000002   Code   RO         4627    i.NMI_Handler       stm32f10x_it.o
    0x08003a12   0x08003a12   0x00000002   PAD
    0x08003a14   0x08003a14   0x00000064   Code   RO          132    i.NVIC_Init         misc.o
    0x08003a78   0x08003a78   0x00000014   Code   RO          133    i.NVIC_PriorityGroupConfig  misc.o
    0x08003a8c   0x08003a8c   0x00000022   Code   RO         3689    i.OLED_Brightness   oled_driver.o
    0x08003aae   0x08003aae   0x00000002   PAD
    0x08003ab0   0x08003ab0   0x00000014   Code   RO         3690    i.OLED_Brightness_DODO  oled_driver.o
    0x08003ac4   0x08003ac4   0x00000034   Code   RO         3691    i.OLED_Brightness_UPUP  oled_driver.o
    0x08003af8   0x08003af8   0x00000028   Code   RO         3445    i.OLED_Clear        oled.o
    0x08003b20   0x08003b20   0x00000080   Code   RO         3446    i.OLED_ClearArea    oled.o
    0x08003ba0   0x08003ba0   0x00000258   Code   RO         3447    i.OLED_DrawArc      oled.o
    0x08003df8   0x08003df8   0x000000ea   Code   RO         3450    i.OLED_DrawLine     oled.o
    0x08003ee2   0x08003ee2   0x00000002   PAD
    0x08003ee4   0x08003ee4   0x00000038   Code   RO         3451    i.OLED_DrawPoint    oled.o
    0x08003f1c   0x08003f1c   0x00000104   Code   RO         3452    i.OLED_DrawRectangle  oled.o
    0x08004020   0x08004020   0x00000070   Code   RO         3872    i.OLED_DrawRectangle2  oled_ui.o
    0x08004090   0x08004090   0x00000124   Code   RO         3453    i.OLED_DrawRoundedRectangle  oled.o
    0x080041b4   0x080041b4   0x000005e0   Code   RO         3873    i.OLED_DrawWindow   oled_ui.o
    0x08004794   0x08004794   0x0000002c   Code   RO         3455    i.OLED_GetPoint     oled.o
    0x080047c0   0x080047c0   0x00000158   Code   RO         3695    i.OLED_Init         oled_driver.o
    0x08004918   0x08004918   0x00000060   Code   RO         3456    i.OLED_IsInAngle    oled.o
    0x08004978   0x08004978   0x000001a0   Code   RO         3874    i.OLED_KeyAndEncoderRecord  oled_ui.o
    0x08004b18   0x08004b18   0x0000000e   Code   RO         3457    i.OLED_Pow          oled.o
    0x08004b26   0x08004b26   0x0000002a   Code   RO         3696    i.OLED_Power        oled_driver.o
    0x08004b50   0x08004b50   0x0000002a   Code   RO         3458    i.OLED_Printf       oled.o
    0x08004b7a   0x08004b7a   0x0000003e   Code   RO         3461    i.OLED_PrintfMixArea  oled.o
    0x08004bb8   0x08004bb8   0x00000080   Code   RO         3463    i.OLED_ReverseArea  oled.o
    0x08004c38   0x08004c38   0x0000000c   Code   RO         3697    i.OLED_SetColorMode  oled_driver.o
    0x08004c44   0x08004c44   0x00000024   Code   RO         3698    i.OLED_SetCursor    oled_driver.o
    0x08004c68   0x08004c68   0x00000078   Code   RO         3465    i.OLED_ShowChar     oled.o
    0x08004ce0   0x08004ce0   0x00000090   Code   RO         3466    i.OLED_ShowCharArea  oled.o
    0x08004d70   0x08004d70   0x000001a8   Code   RO         3467    i.OLED_ShowChinese  oled.o
    0x08004f18   0x08004f18   0x000001e8   Code   RO         3468    i.OLED_ShowChineseArea  oled.o
    0x08005100   0x08005100   0x000000be   Code   RO         3469    i.OLED_ShowFloatNum  oled.o
    0x080051be   0x080051be   0x00000002   PAD
    0x080051c0   0x080051c0   0x0000014c   Code   RO         3471    i.OLED_ShowImage    oled.o
    0x0800530c   0x0800530c   0x00000130   Code   RO         3472    i.OLED_ShowImageArea  oled.o
    0x0800543c   0x0800543c   0x00000058   Code   RO         3473    i.OLED_ShowMixString  oled.o
    0x08005494   0x08005494   0x00000076   Code   RO         3474    i.OLED_ShowMixStringArea  oled.o
    0x0800550a   0x0800550a   0x00000046   Code   RO         3475    i.OLED_ShowNum      oled.o
    0x08005550   0x08005550   0x0000002c   Code   RO         3477    i.OLED_ShowString   oled.o
    0x0800557c   0x0800557c   0x00000004   Code   RO         3875    i.OLED_UI_Back      oled_ui.o
    0x08005580   0x08005580   0x00000064   Code   RO         3876    i.OLED_UI_CreateWindow  oled_ui.o
    0x080055e4   0x080055e4   0x000000d8   Code   RO         3877    i.OLED_UI_FadeOut_Masking  oled_ui.o
    0x080056bc   0x080056bc   0x00000040   Code   RO         3878    i.OLED_UI_FadeoutAllArea  oled_ui.o
    0x080056fc   0x080056fc   0x0000004c   Code   RO         3879    i.OLED_UI_FadeoutCurrentArea  oled_ui.o
    0x08005748   0x08005748   0x000002f8   Code   RO         3881    i.OLED_UI_InterruptHandler  oled_ui.o
    0x08005a40   0x08005a40   0x00000030   Code   RO         3882    i.OLED_UI_MainLoop  oled_ui.o
    0x08005a70   0x08005a70   0x00000030   Code   RO         3883    i.OLED_UI_ShowFPS   oled_ui.o
    0x08005aa0   0x08005aa0   0x00000028   Code   RO         3699    i.OLED_Update       oled_driver.o
    0x08005ac8   0x08005ac8   0x0000004c   Code   RO         3701    i.OLED_WriteDataArr  oled_driver.o
    0x08005b14   0x08005b14   0x00000048   Code   RO         3702    i.OLED_Write_CMD    oled_driver.o
    0x08005b5c   0x08005b5c   0x00000048   Code   RO         3703    i.OLED_Write_DATA   oled_driver.o
    0x08005ba4   0x08005ba4   0x0000000c   Code   RO         1703    i.PWR_BackupAccessCmd  stm32f10x_pwr.o
    0x08005bb0   0x08005bb0   0x00000028   Code   RO         1706    i.PWR_EnterSTANDBYMode  stm32f10x_pwr.o
    0x08005bd8   0x08005bd8   0x00000034   Code   RO         1707    i.PWR_EnterSTOPMode  stm32f10x_pwr.o
    0x08005c0c   0x08005c0c   0x0000000c   Code   RO         1711    i.PWR_WakeUpPinCmd  stm32f10x_pwr.o
    0x08005c18   0x08005c18   0x00000002   Code   RO         4628    i.PendSV_Handler    stm32f10x_it.o
    0x08005c1a   0x08005c1a   0x00000002   PAD
    0x08005c1c   0x08005c1c   0x00000020   Code   RO         4230    i.Point_death       oled_ui_menudata.o
    0x08005c3c   0x08005c3c   0x00000020   Code   RO         4231    i.Point_life        oled_ui_menudata.o
    0x08005c5c   0x08005c5c   0x00000080   Code   RO         3376    i.Power_OFF         stm32_power.o
    0x08005cdc   0x08005cdc   0x00000af4   Code   RO         3884    i.PrintMenuElements  oled_ui.o
    0x080067d0   0x080067d0   0x00000014   Code   RO         1766    i.RCC_ADCCLKConfig  stm32f10x_rcc.o
    0x080067e4   0x080067e4   0x00000018   Code   RO         1767    i.RCC_AHBPeriphClockCmd  stm32f10x_rcc.o
    0x080067fc   0x080067fc   0x00000018   Code   RO         1768    i.RCC_APB1PeriphClockCmd  stm32f10x_rcc.o
    0x08006814   0x08006814   0x00000018   Code   RO         1770    i.RCC_APB2PeriphClockCmd  stm32f10x_rcc.o
    0x0800682c   0x0800682c   0x00000090   Code   RO         1778    i.RCC_GetClocksFreq  stm32f10x_rcc.o
    0x080068bc   0x080068bc   0x00000030   Code   RO         1779    i.RCC_GetFlagStatus  stm32f10x_rcc.o
    0x080068ec   0x080068ec   0x00000020   Code   RO         1786    i.RCC_LSEConfig     stm32f10x_rcc.o
    0x0800690c   0x0800690c   0x0000000c   Code   RO         1793    i.RCC_RTCCLKCmd     stm32f10x_rcc.o
    0x08006918   0x08006918   0x00000010   Code   RO         1794    i.RCC_RTCCLKConfig  stm32f10x_rcc.o
    0x08006928   0x08006928   0x00000010   Code   RO         1971    i.RTC_EnterConfigMode  stm32f10x_rtc.o
    0x08006938   0x08006938   0x00000010   Code   RO         1972    i.RTC_ExitConfigMode  stm32f10x_rtc.o
    0x08006948   0x08006948   0x00000014   Code   RO         1973    i.RTC_GetCounter    stm32f10x_rtc.o
    0x0800695c   0x0800695c   0x00000020   Code   RO         1979    i.RTC_SetCounter    stm32f10x_rtc.o
    0x0800697c   0x0800697c   0x00000020   Code   RO         1980    i.RTC_SetPrescaler  stm32f10x_rtc.o
    0x0800699c   0x0800699c   0x00000010   Code   RO         1981    i.RTC_WaitForLastTask  stm32f10x_rtc.o
    0x080069ac   0x080069ac   0x00000018   Code   RO         1982    i.RTC_WaitForSynchro  stm32f10x_rtc.o
    0x080069c4   0x080069c4   0x0000003c   Code   RO         4232    i.Raise_Wake        oled_ui_menudata.o
    0x08006a00   0x08006a00   0x00000028   Code   RO         4233    i.Raise_Wake_trigger  oled_ui_menudata.o
    0x08006a28   0x08006a28   0x00000050   Code   RO         4822    i.Receive_ACK       aht20.o
    0x08006a78   0x08006a78   0x00000010   Code   RO         4234    i.ReturnTimepageWindow  oled_ui_menudata.o
    0x08006a88   0x08006a88   0x00000118   Code   RO         3887    i.ReverseCoordinate  oled_ui.o
    0x08006ba0   0x08006ba0   0x00000034   Code   RO         3888    i.RunCurrentCallBackFunction  oled_ui.o
    0x08006bd4   0x08006bd4   0x00000184   Code   RO         3889    i.RunFadeOut        oled_ui.o
    0x08006d58   0x08006d58   0x0000000c   Code   RO         4823    i.SCL_Pin_Output_High  aht20.o
    0x08006d64   0x08006d64   0x0000000c   Code   RO         4824    i.SCL_Pin_Output_Low  aht20.o
    0x08006d70   0x08006d70   0x00000024   Code   RO         4825    i.SDA_Pin_IN_FLOATING  aht20.o
    0x08006d94   0x08006d94   0x00000030   Code   RO         4826    i.SDA_Pin_Output_High  aht20.o
    0x08006dc4   0x08006dc4   0x00000030   Code   RO         4827    i.SDA_Pin_Output_Low  aht20.o
    0x08006df4   0x08006df4   0x00000208   Code   RO         5063    i.SHOW_VIDEO        video_app.o
    0x08006ffc   0x08006ffc   0x00000014   Code   RO         2255    i.SPI_Cmd           stm32f10x_spi.o
    0x08007010   0x08007010   0x0000000e   Code   RO         2263    i.SPI_I2S_GetFlagStatus  stm32f10x_spi.o
    0x0800701e   0x0800701e   0x00000004   Code   RO         2266    i.SPI_I2S_ReceiveData  stm32f10x_spi.o
    0x08007022   0x08007022   0x00000004   Code   RO         2267    i.SPI_I2S_SendData  stm32f10x_spi.o
    0x08007026   0x08007026   0x00000038   Code   RO         2268    i.SPI_Init          stm32f10x_spi.o
    0x0800705e   0x0800705e   0x00000002   PAD
    0x08007060   0x08007060   0x00000098   Code   RO         4577    i.STM32_rouse       main.o
    0x080070f8   0x080070f8   0x00000002   Code   RO         4629    i.SVC_Handler       stm32f10x_it.o
    0x080070fa   0x080070fa   0x00000038   Code   RO         4828    i.Send_ACK          aht20.o
    0x08007132   0x08007132   0x00000038   Code   RO         4829    i.Send_NOT_ACK      aht20.o
    0x0800716a   0x0800716a   0x00000014   Code   RO         4830    i.SensorDelay_us    aht20.o
    0x0800717e   0x0800717e   0x00000002   PAD
    0x08007180   0x08007180   0x000000ac   Code   RO         3408    i.Serial1_Init      serial1.o
    0x0800722c   0x0800722c   0x00000030   Code   RO         3409    i.Serial1_Power_OFF  serial1.o
    0x0800725c   0x0800725c   0x00000020   Code   RO         4430    i.Serial2_SendByte  yxmp3.o
    0x0800727c   0x0800727c   0x0000001c   Code   RO         3890    i.SetCursorZero     oled_ui.o
    0x08007298   0x08007298   0x00000010   Code   RO         3891    i.SetEnterFlag      oled_ui.o
    0x080072a8   0x080072a8   0x0000000c   Code   RO         3892    i.SetFadeOutFlag    oled_ui.o
    0x080072b4   0x080072b4   0x00000030   Code   RO         3893    i.SetLineSplitZero  oled_ui.o
    0x080072e4   0x080072e4   0x000000a8   Code   RO           24    i.SetSysClockTo72   system_stm32f10x.o
    0x0800738c   0x0800738c   0x000001ec   Code   RO         3894    i.SetTargetCursor   oled_ui.o
    0x08007578   0x08007578   0x00000020   Code   RO         3895    i.SetTargetMenuFrame  oled_ui.o
    0x08007598   0x08007598   0x00000098   Code   RO         3896    i.SetTargetProbWidth  oled_ui.o
    0x08007630   0x08007630   0x00000060   Code   RO         3897    i.SetTargetScrollBarHeight  oled_ui.o
    0x08007690   0x08007690   0x00000060   Code   RO         4235    i.SettingAuxFunc    oled_ui_menudata.o
    0x080076f0   0x080076f0   0x00000024   Code   RO         4831    i.Stop_I2C          aht20.o
    0x08007714   0x08007714   0x00000018   Code   RO          136    i.SysTick_CLKSourceConfig  misc.o
    0x0800772c   0x0800772c   0x00000002   Code   RO         4630    i.SysTick_Handler   stm32f10x_it.o
    0x0800772e   0x0800772e   0x00000002   PAD
    0x08007730   0x08007730   0x00000050   Code   RO           26    i.SystemInit        system_stm32f10x.o
    0x08007780   0x08007780   0x00000028   Code   RO         4578    i.TIM4_IRQHandler   main.o
    0x080077a8   0x080077a8   0x00000014   Code   RO         2399    i.TIM_ARRPreloadConfig  stm32f10x_tim.o
    0x080077bc   0x080077bc   0x00000006   Code   RO         2405    i.TIM_ClearFlag     stm32f10x_tim.o
    0x080077c2   0x080077c2   0x00000006   Code   RO         2406    i.TIM_ClearITPendingBit  stm32f10x_tim.o
    0x080077c8   0x080077c8   0x00000014   Code   RO         2411    i.TIM_Cmd           stm32f10x_tim.o
    0x080077dc   0x080077dc   0x00000016   Code   RO         2413    i.TIM_CtrlPWMOutputs  stm32f10x_tim.o
    0x080077f2   0x080077f2   0x00000018   Code   RO         2432    i.TIM_GetITStatus   stm32f10x_tim.o
    0x0800780a   0x0800780a   0x00000010   Code   RO         2436    i.TIM_ITConfig      stm32f10x_tim.o
    0x0800781a   0x0800781a   0x0000000a   Code   RO         2438    i.TIM_InternalClockConfig  stm32f10x_tim.o
    0x08007824   0x08007824   0x00000080   Code   RO         2445    i.TIM_OC2Init       stm32f10x_tim.o
    0x080078a4   0x080078a4   0x00000064   Code   RO         2455    i.TIM_OC4Init       stm32f10x_tim.o
    0x08007908   0x08007908   0x00000014   Code   RO         2457    i.TIM_OC4PreloadConfig  stm32f10x_tim.o
    0x0800791c   0x0800791c   0x00000006   Code   RO         2460    i.TIM_PrescalerConfig  stm32f10x_tim.o
    0x08007922   0x08007922   0x00000004   Code   RO         2470    i.TIM_SetAutoreload  stm32f10x_tim.o
    0x08007926   0x08007926   0x00000004   Code   RO         2473    i.TIM_SetCompare2   stm32f10x_tim.o
    0x0800792a   0x0800792a   0x00000006   Code   RO         2475    i.TIM_SetCompare4   stm32f10x_tim.o
    0x08007930   0x08007930   0x0000009c   Code   RO         2482    i.TIM_TimeBaseInit  stm32f10x_tim.o
    0x080079cc   0x080079cc   0x000000ac   Code   RO         4351    i.Time_page         time_page.o
    0x08007a78   0x08007a78   0x0000010c   Code   RO         4352    i.Time_page_AHT20   time_page.o
    0x08007b84   0x08007b84   0x00000190   Code   RO         4353    i.Time_page_Adjust  time_page.o
    0x08007d14   0x08007d14   0x000003cc   Code   RO         4354    i.Time_page_BAT     time_page.o
    0x080080e0   0x080080e0   0x00000104   Code   RO         4355    i.Time_page_Timer   time_page.o
    0x080081e4   0x080081e4   0x0000003c   Code   RO         4356    i.Time_page_date    time_page.o
    0x08008220   0x08008220   0x000000dc   Code   RO         4357    i.Time_page_figures  time_page.o
    0x080082fc   0x080082fc   0x00000048   Code   RO         4358    i.Time_page_io_init  time_page.o
    0x08008344   0x08008344   0x00000064   Code   RO         4359    i.Time_page_small_Timer  time_page.o
    0x080083a8   0x080083a8   0x00000084   Code   RO         4360    i.Time_page_week    time_page.o
    0x0800842c   0x0800842c   0x0000007c   Code   RO         4174    i.Timer_Init        oled_ui_driver.o
    0x080084a8   0x080084a8   0x00000168   Code   RO         5015    i.Trigger_sampling  voltage_mea.o
    0x08008610   0x08008610   0x00000064   Code   RO         3410    i.USART1_IRQHandler  serial1.o
    0x08008674   0x08008674   0x000000ec   Code   RO         4431    i.USART2_IRQHandler  yxmp3.o
    0x08008760   0x08008760   0x0000000c   Code   RO         2934    i.USART_ClearITPendingBit  stm32f10x_usart.o
    0x0800876c   0x0800876c   0x00000014   Code   RO         2937    i.USART_Cmd         stm32f10x_usart.o
    0x08008780   0x08008780   0x0000000e   Code   RO         2940    i.USART_GetFlagStatus  stm32f10x_usart.o
    0x0800878e   0x0800878e   0x0000003e   Code   RO         2941    i.USART_GetITStatus  stm32f10x_usart.o
    0x080087cc   0x080087cc   0x00000030   Code   RO         2943    i.USART_ITConfig    stm32f10x_usart.o
    0x080087fc   0x080087fc   0x000000ac   Code   RO         2944    i.USART_Init        stm32f10x_usart.o
    0x080088a8   0x080088a8   0x00000008   Code   RO         2951    i.USART_ReceiveData  stm32f10x_usart.o
    0x080088b0   0x080088b0   0x00000008   Code   RO         2954    i.USART_SendData    stm32f10x_usart.o
    0x080088b8   0x080088b8   0x00000014   Code   RO         4236    i.Update_Display    oled_ui_menudata.o
    0x080088cc   0x080088cc   0x00000002   Code   RO         4631    i.UsageFault_Handler  stm32f10x_it.o
    0x080088ce   0x080088ce   0x0000000a   Code   RO         5064    i.VIDEO_1           video_app.o
    0x080088d8   0x080088d8   0x00000014   Code   RO         5065    i.VIDEO_2           video_app.o
    0x080088ec   0x080088ec   0x00000018   Code   RO         5066    i.VIDEO_3           video_app.o
    0x08008904   0x08008904   0x00000018   Code   RO         5067    i.VIDEO_SITE        video_app.o
    0x0800891c   0x0800891c   0x00000118   Code   RO         5068    i.VIDEO_erase       video_app.o
    0x08008a34   0x08008a34   0x00000006   Code   RO         5069    i.VIDEO_write_1     video_app.o
    0x08008a3a   0x08008a3a   0x00000010   Code   RO         5070    i.VIDEO_write_2     video_app.o
    0x08008a4a   0x08008a4a   0x00000014   Code   RO         5071    i.VIDEO_write_3     video_app.o
    0x08008a5e   0x08008a5e   0x00000002   PAD
    0x08008a60   0x08008a60   0x00000144   Code   RO         5016    i.Voltage_Waveform_Init  voltage_mea.o
    0x08008ba4   0x08008ba4   0x000000b0   Code   RO         4499    i.W25Q128_Init      w25q128_spi1.o
    0x08008c54   0x08008c54   0x0000004e   Code   RO         4500    i.W25Q128_PageProgram  w25q128_spi1.o
    0x08008ca2   0x08008ca2   0x0000004a   Code   RO         4501    i.W25Q128_ReadData  w25q128_spi1.o
    0x08008cec   0x08008cec   0x00000022   Code   RO         4504    i.W25Q128_WaitBusy  w25q128_spi1.o
    0x08008d0e   0x08008d0e   0x00000018   Code   RO         4505    i.W25Q128_WriteEnable  w25q128_spi1.o
    0x08008d26   0x08008d26   0x0000003e   Code   RO         4506    i.W25Q128_unlimited_Program  w25q128_spi1.o
    0x08008d64   0x08008d64   0x0000010c   Code   RO         5072    i.WRITE_VIDEO       video_app.o
    0x08008e70   0x08008e70   0x00000054   Code   RO         4432    i.YXMP3_DDD1        yxmp3.o
    0x08008ec4   0x08008ec4   0x00000068   Code   RO         4433    i.YXMP3_DDD2        yxmp3.o
    0x08008f2c   0x08008f2c   0x00000510   Code   RO         4434    i.YXMP3_Homepage    yxmp3.o
    0x0800943c   0x0800943c   0x00000064   Code   RO         4435    i.YXMP3_PWROFF      yxmp3.o
    0x080094a0   0x080094a0   0x000000cc   Code   RO         4436    i.YXMP3_init        yxmp3.o
    0x0800956c   0x0800956c   0x00000028   Code   RO         5477    i.__ARM_fpclassify  m_ws.l(fpclassify.o)
    0x08009594   0x08009594   0x000000aa   Code   RO         5479    i.__kernel_poly     m_ws.l(poly.o)
    0x0800963e   0x0800963e   0x00000006   Code   RO         5464    i.__mathlib_dbl_infnan  m_ws.l(dunder.o)
    0x08009644   0x08009644   0x00000004   Code   RO         5465    i.__mathlib_dbl_infnan2  m_ws.l(dunder.o)
    0x08009648   0x08009648   0x00000010   Code   RO         5469    i.__mathlib_dbl_underflow  m_ws.l(dunder.o)
    0x08009658   0x08009658   0x0000000e   Code   RO         5391    i._is_digit         c_w.l(__printf_wp.o)
    0x08009666   0x08009666   0x00000002   PAD
    0x08009668   0x08009668   0x00000220   Code   RO         5249    i.atan              m_ws.l(atan.o)
    0x08009888   0x08009888   0x00000180   Code   RO         5259    i.atan2             m_ws.l(atan2.o)
    0x08009a08   0x08009a08   0x000000dc   Code   RO         5271    i.ceil              m_ws.l(ceil.o)
    0x08009ae4   0x08009ae4   0x0000003c   Code   RO         3300    i.delay_init        delay.o
    0x08009b20   0x08009b20   0x00000038   Code   RO         3301    i.delay_ms          delay.o
    0x08009b58   0x08009b58   0x00000042   Code   RO         5326    i.fmin              m_ws.l(fmin.o)
    0x08009b9a   0x08009b9a   0x00000002   PAD
    0x08009b9c   0x08009b9c   0x00000180   Code   RO         4361    i.low_pass_filter   time_page.o
    0x08009d1c   0x08009d1c   0x00000160   Code   RO         4579    i.main              main.o
    0x08009e7c   0x08009e7c   0x00000058   Code   RO         3898    i.menu_Enter_event  oled_ui.o
    0x08009ed4   0x08009ed4   0x00000084   Code   RO         3899    i.menu_Roll_event   oled_ui.o
    0x08009f58   0x08009f58   0x00000174   Code   RO         4237    i.miaobiao          oled_ui_menudata.o
    0x0800a0cc   0x0800a0cc   0x00000024   Code   RO         4238    i.miaobiaotimedllKKO  oled_ui_menudata.o
    0x0800a0f0   0x0800a0f0   0x00000094   Code   RO         5300    i.round             m_ws.l(round.o)
    0x0800a184   0x0800a184   0x00000290   Code   RO         4239    i.shoudt            oled_ui_menudata.o
    0x0800a414   0x0800a414   0x000002d4   Code   RO         5017    i.voltage_mt        voltage_mea.o
    0x0800a6e8   0x0800a6e8   0x0000069c   Code   RO         5018    i.voltage_waveform  voltage_mea.o
    0x0800ad84   0x0800ad84   0x0000002c   Code   RO         5542    locale$$code        c_w.l(lc_numeric_c.o)
    0x0800adb0   0x0800adb0   0x0000002c   Code   RO         5651    locale$$code        c_w.l(lc_ctype_c.o)
    0x0800addc   0x0800addc   0x00000062   Code   RO         5156    x$fpl$d2f           fz_ws.l(d2f.o)
    0x0800ae3e   0x0800ae3e   0x00000002   PAD
    0x0800ae40   0x0800ae40   0x00000150   Code   RO         5158    x$fpl$dadd          fz_ws.l(daddsub_clz.o)
    0x0800af90   0x0800af90   0x00000010   Code   RO         5429    x$fpl$dcheck1       fz_ws.l(dcheck1.o)
    0x0800afa0   0x0800afa0   0x00000136   Code   RO         5431    x$fpl$dcmp4         fz_ws.l(dcmp4.o)
    0x0800b0d6   0x0800b0d6   0x00000018   Code   RO         5433    x$fpl$dcmpinf       fz_ws.l(dcmpi.o)
    0x0800b0ee   0x0800b0ee   0x00000002   PAD
    0x0800b0f0   0x0800b0f0   0x000002b0   Code   RO         5165    x$fpl$ddiv          fz_ws.l(ddiv.o)
    0x0800b3a0   0x0800b3a0   0x0000005e   Code   RO         5170    x$fpl$dfix          fz_ws.l(dfix.o)
    0x0800b3fe   0x0800b3fe   0x00000002   PAD
    0x0800b400   0x0800b400   0x0000005a   Code   RO         5174    x$fpl$dfixu         fz_ws.l(dfixu.o)
    0x0800b45a   0x0800b45a   0x0000002e   Code   RO         5179    x$fpl$dflt          fz_ws.l(dflt_clz.o)
    0x0800b488   0x0800b488   0x00000026   Code   RO         5178    x$fpl$dfltu         fz_ws.l(dflt_clz.o)
    0x0800b4ae   0x0800b4ae   0x00000002   PAD
    0x0800b4b0   0x0800b4b0   0x00000078   Code   RO         5184    x$fpl$dleqf         fz_ws.l(dleqf.o)
    0x0800b528   0x0800b528   0x00000154   Code   RO         5186    x$fpl$dmul          fz_ws.l(dmul.o)
    0x0800b67c   0x0800b67c   0x0000009c   Code   RO         5435    x$fpl$dnaninf       fz_ws.l(dnaninf.o)
    0x0800b718   0x0800b718   0x0000000c   Code   RO         5437    x$fpl$dretinf       fz_ws.l(dretinf.o)
    0x0800b724   0x0800b724   0x0000006c   Code   RO         5188    x$fpl$drleqf        fz_ws.l(drleqf.o)
    0x0800b790   0x0800b790   0x000000b4   Code   RO         5439    x$fpl$drnd          fz_ws.l(drnd.o)
    0x0800b844   0x0800b844   0x00000016   Code   RO         5159    x$fpl$drsb          fz_ws.l(daddsub_clz.o)
    0x0800b85a   0x0800b85a   0x00000002   PAD
    0x0800b85c   0x0800b85c   0x000001d4   Code   RO         5160    x$fpl$dsub          fz_ws.l(daddsub_clz.o)
    0x0800ba30   0x0800ba30   0x00000056   Code   RO         5190    x$fpl$f2d           fz_ws.l(f2d.o)
    0x0800ba86   0x0800ba86   0x00000002   PAD
    0x0800ba88   0x0800ba88   0x000000c4   Code   RO         5192    x$fpl$fadd          fz_ws.l(faddsub_clz.o)
    0x0800bb4c   0x0800bb4c   0x0000000c   Code   RO         5443    x$fpl$fcheck1       fz_ws.l(fcheck1.o)
    0x0800bb58   0x0800bb58   0x00000018   Code   RO         5445    x$fpl$fcmpinf       fz_ws.l(fcmpi.o)
    0x0800bb70   0x0800bb70   0x00000184   Code   RO         5199    x$fpl$fdiv          fz_ws.l(fdiv.o)
    0x0800bcf4   0x0800bcf4   0x00000068   Code   RO         5202    x$fpl$feqf          fz_ws.l(feqf.o)
    0x0800bd5c   0x0800bd5c   0x00000036   Code   RO         5204    x$fpl$ffix          fz_ws.l(ffix.o)
    0x0800bd92   0x0800bd92   0x00000002   PAD
    0x0800bd94   0x0800bd94   0x0000003e   Code   RO         5208    x$fpl$ffixu         fz_ws.l(ffixu.o)
    0x0800bdd2   0x0800bdd2   0x00000002   PAD
    0x0800bdd4   0x0800bdd4   0x00000030   Code   RO         5213    x$fpl$fflt          fz_ws.l(fflt_clz.o)
    0x0800be04   0x0800be04   0x00000026   Code   RO         5212    x$fpl$ffltu         fz_ws.l(fflt_clz.o)
    0x0800be2a   0x0800be2a   0x00000002   PAD
    0x0800be2c   0x0800be2c   0x00000068   Code   RO         5218    x$fpl$fleqf         fz_ws.l(fleqf.o)
    0x0800be94   0x0800be94   0x00000102   Code   RO         5220    x$fpl$fmul          fz_ws.l(fmul.o)
    0x0800bf96   0x0800bf96   0x0000008c   Code   RO         5447    x$fpl$fnaninf       fz_ws.l(fnaninf.o)
    0x0800c022   0x0800c022   0x0000000a   Code   RO         5449    x$fpl$fretinf       fz_ws.l(fretinf.o)
    0x0800c02c   0x0800c02c   0x00000062   Code   RO         5222    x$fpl$frleqf        fz_ws.l(frleqf.o)
    0x0800c08e   0x0800c08e   0x00000014   Code   RO         5193    x$fpl$frsb          fz_ws.l(faddsub_clz.o)
    0x0800c0a2   0x0800c0a2   0x00000002   PAD
    0x0800c0a4   0x0800c0a4   0x000000ea   Code   RO         5194    x$fpl$fsub          fz_ws.l(faddsub_clz.o)
    0x0800c18e   0x0800c18e   0x00000004   Code   RO         5451    x$fpl$printf1       fz_ws.l(printf1.o)
    0x0800c192   0x0800c192   0x00000004   Code   RO         5453    x$fpl$printf2       fz_ws.l(printf2.o)
    0x0800c196   0x0800c196   0x00000064   Code   RO         5546    x$fpl$retnan        fz_ws.l(retnan.o)
    0x0800c1fa   0x0800c1fa   0x0000005c   Code   RO         5224    x$fpl$scalbn        fz_ws.l(scalbn.o)
    0x0800c256   0x0800c256   0x0000004c   Code   RO         5226    x$fpl$scalbnf       fz_ws.l(scalbnf.o)
    0x0800c2a2   0x0800c2a2   0x00000030   Code   RO         5646    x$fpl$trapveneer    fz_ws.l(trapv.o)
    0x0800c2d2   0x0800c2d2   0x00000000   Code   RO         5459    x$fpl$usenofp       fz_ws.l(usenofp.o)
    0x0800c2d2   0x0800c2d2   0x0000001e   Data   RO         3791    .constdata          oled_fonts.o
    0x0800c2f0   0x0800c2f0   0x000005f0   Data   RO         3792    .constdata          oled_fonts.o
    0x0800c8e0   0x0800c8e0   0x00000532   Data   RO         3793    .constdata          oled_fonts.o
    0x0800ce12   0x0800ce12   0x0000023a   Data   RO         3794    .constdata          oled_fonts.o
    0x0800d04c   0x0800d04c   0x0000013b   Data   RO         3795    .constdata          oled_fonts.o
    0x0800d187   0x0800d187   0x00000325   Data   RO         3796    .constdata          oled_fonts.o
    0x0800d4ac   0x0800d4ac   0x00000711   Data   RO         3797    .constdata          oled_fonts.o
    0x0800dbbd   0x0800dbbd   0x0000004d   Data   RO         3798    .constdata          oled_fonts.o
    0x0800dc0a   0x0800dc0a   0x00000290   Data   RO         3800    .constdata          oled_fonts.o
    0x0800de9a   0x0800de9a   0x00000080   Data   RO         3801    .constdata          oled_fonts.o
    0x0800df1a   0x0800df1a   0x00000080   Data   RO         3802    .constdata          oled_fonts.o
    0x0800df9a   0x0800df9a   0x00000080   Data   RO         3803    .constdata          oled_fonts.o
    0x0800e01a   0x0800e01a   0x00000080   Data   RO         3805    .constdata          oled_fonts.o
    0x0800e09a   0x0800e09a   0x00000080   Data   RO         3806    .constdata          oled_fonts.o
    0x0800e11a   0x0800e11a   0x00000080   Data   RO         3807    .constdata          oled_fonts.o
    0x0800e19a   0x0800e19a   0x00000080   Data   RO         3808    .constdata          oled_fonts.o
    0x0800e21a   0x0800e21a   0x00000080   Data   RO         3811    .constdata          oled_fonts.o
    0x0800e29a   0x0800e29a   0x00000080   Data   RO         3812    .constdata          oled_fonts.o
    0x0800e31a   0x0800e31a   0x00000100   Data   RO         3817    .constdata          oled_fonts.o
    0x0800e41a   0x0800e41a   0x00000034   Data   RO         3818    .constdata          oled_fonts.o
    0x0800e44e   0x0800e44e   0x00000034   Data   RO         3819    .constdata          oled_fonts.o
    0x0800e482   0x0800e482   0x00000034   Data   RO         3820    .constdata          oled_fonts.o
    0x0800e4b6   0x0800e4b6   0x00000034   Data   RO         3821    .constdata          oled_fonts.o
    0x0800e4ea   0x0800e4ea   0x00000034   Data   RO         3822    .constdata          oled_fonts.o
    0x0800e51e   0x0800e51e   0x00000034   Data   RO         3823    .constdata          oled_fonts.o
    0x0800e552   0x0800e552   0x00000034   Data   RO         3824    .constdata          oled_fonts.o
    0x0800e586   0x0800e586   0x00000034   Data   RO         3825    .constdata          oled_fonts.o
    0x0800e5ba   0x0800e5ba   0x00000034   Data   RO         3826    .constdata          oled_fonts.o
    0x0800e5ee   0x0800e5ee   0x00000034   Data   RO         3827    .constdata          oled_fonts.o
    0x0800e622   0x0800e622   0x0000001b   Data   RO         3828    .constdata          oled_fonts.o
    0x0800e63d   0x0800e63d   0x0000001b   Data   RO         3829    .constdata          oled_fonts.o
    0x0800e658   0x0800e658   0x0000001b   Data   RO         3830    .constdata          oled_fonts.o
    0x0800e673   0x0800e673   0x0000001b   Data   RO         3831    .constdata          oled_fonts.o
    0x0800e68e   0x0800e68e   0x0000001b   Data   RO         3832    .constdata          oled_fonts.o
    0x0800e6a9   0x0800e6a9   0x0000001b   Data   RO         3833    .constdata          oled_fonts.o
    0x0800e6c4   0x0800e6c4   0x0000001b   Data   RO         3834    .constdata          oled_fonts.o
    0x0800e6df   0x0800e6df   0x0000001b   Data   RO         3835    .constdata          oled_fonts.o
    0x0800e6fa   0x0800e6fa   0x0000001b   Data   RO         3836    .constdata          oled_fonts.o
    0x0800e715   0x0800e715   0x0000001b   Data   RO         3837    .constdata          oled_fonts.o
    0x0800e730   0x0800e730   0x00000014   Data   RO         3901    .constdata          oled_ui.o
    0x0800e744   0x0800e744   0x0000009b   Data   RO         4362    .constdata          time_page.o
    0x0800e7df   0x0800e7df   0x00000001   PAD
    0x0800e7e0   0x0800e7e0   0x00000098   Data   RO         5250    .constdata          m_ws.l(atan.o)
    0x0800e878   0x0800e878   0x00000008   Data   RO         5350    .constdata          c_w.l(_printf_wctomb.o)
    0x0800e880   0x0800e880   0x00000028   Data   RO         5379    .constdata          c_w.l(_printf_hex_int_ll_ptr.o)
    0x0800e8a8   0x0800e8a8   0x00000011   Data   RO         5399    .constdata          c_w.l(__printf_flags_ss_wp.o)
    0x0800e8b9   0x0800e8b9   0x0000000c   Data   RO         5426    .constdata          c_w.l(_monlen.o)
    0x0800e8c5   0x0800e8c5   0x00000003   PAD
    0x0800e8c8   0x0800e8c8   0x00000008   Data   RO         5481    .constdata          m_ws.l(qnan.o)
    0x0800e8d0   0x0800e8d0   0x00000026   Data   RO         5528    .constdata          c_w.l(_printf_fp_hex.o)
    0x0800e8f6   0x0800e8f6   0x00000002   PAD
    0x0800e8f8   0x0800e8f8   0x00000094   Data   RO         5567    .constdata          c_w.l(bigflt0.o)
    0x0800e98c   0x0800e98c   0x00000009   Data   RO         4241    .conststring        oled_ui_menudata.o
    0x0800e995   0x0800e995   0x00000003   PAD
    0x0800e998   0x0800e998   0x0000004f   Data   RO         4242    .conststring        oled_ui_menudata.o
    0x0800e9e7   0x0800e9e7   0x00000001   PAD
    0x0800e9e8   0x0800e9e8   0x00000049   Data   RO         4243    .conststring        oled_ui_menudata.o
    0x0800ea31   0x0800ea31   0x00000003   PAD
    0x0800ea34   0x0800ea34   0x000000af   Data   RO         4244    .conststring        oled_ui_menudata.o
    0x0800eae3   0x0800eae3   0x00000001   PAD
    0x0800eae4   0x0800eae4   0x0000004c   Data   RO         4245    .conststring        oled_ui_menudata.o
    0x0800eb30   0x0800eb30   0x00000041   Data   RO         4246    .conststring        oled_ui_menudata.o
    0x0800eb71   0x0800eb71   0x00000003   PAD
    0x0800eb74   0x0800eb74   0x0000002d   Data   RO         4247    .conststring        oled_ui_menudata.o
    0x0800eba1   0x0800eba1   0x00000003   PAD
    0x0800eba4   0x0800eba4   0x00000020   Data   RO         5769    Region$$Table       anon$$obj.o
    0x0800ebc4   0x0800ebc4   0x0000001c   Data   RO         5541    locale$$data        c_w.l(lc_numeric_c.o)
    0x0800ebe0   0x0800ebe0   0x00000110   Data   RO         5650    locale$$data        c_w.l(lc_ctype_c.o)


    Execution Region RW_IRAM1 (Exec base: 0x20000000, Load base: 0x0800ecf0, Size: 0x00001b88, Max: 0x00005000, ABSOLUTE, COMPRESSED[0x00000248])

    Exec Addr    Load Addr    Size         Type   Attr      Idx    E Section Name        Object

    0x20000000   COMPRESSED   0x00000014   Data   RW           27    .data               system_stm32f10x.o
    0x20000014   COMPRESSED   0x00000014   Data   RW         1798    .data               stm32f10x_rcc.o
    0x20000028   COMPRESSED   0x00000004   Data   RW         3303    .data               delay.o
    0x2000002c   COMPRESSED   0x0000000e   Data   RW         3330    .data               myrtc.o
    0x2000003a   COMPRESSED   0x00000001   Data   RW         3377    .data               stm32_power.o
    0x2000003b   COMPRESSED   0x00000004   Data   RW         3412    .data               serial1.o
    0x2000003f   COMPRESSED   0x00000003   Data   RW         3705    .data               oled_driver.o
    0x20000042   COMPRESSED   0x00000002   PAD
    0x20000044   COMPRESSED   0x00000052   Data   RW         3902    .data               oled_ui.o
    0x20000096   COMPRESSED   0x00000002   PAD
    0x20000098   COMPRESSED   0x00000050   Data   RW         4250    .data               oled_ui_menudata.o
    0x200000e8   COMPRESSED   0x000000f0   Data   RW         4251    .data               oled_ui_menudata.o
    0x200001d8   COMPRESSED   0x000000d8   Data   RW         4252    .data               oled_ui_menudata.o
    0x200002b0   COMPRESSED   0x00000168   Data   RW         4253    .data               oled_ui_menudata.o
    0x20000418   COMPRESSED   0x000000a8   Data   RW         4254    .data               oled_ui_menudata.o
    0x200004c0   COMPRESSED   0x000000f0   Data   RW         4255    .data               oled_ui_menudata.o
    0x200005b0   COMPRESSED   0x00000090   Data   RW         4256    .data               oled_ui_menudata.o
    0x20000640   COMPRESSED   0x00000048   Data   RW         4257    .data               oled_ui_menudata.o
    0x20000688   COMPRESSED   0x00000048   Data   RW         4258    .data               oled_ui_menudata.o
    0x200006d0   COMPRESSED   0x00000048   Data   RW         4259    .data               oled_ui_menudata.o
    0x20000718   COMPRESSED   0x00000048   Data   RW         4260    .data               oled_ui_menudata.o
    0x20000760   COMPRESSED   0x00000048   Data   RW         4261    .data               oled_ui_menudata.o
    0x200007a8   COMPRESSED   0x00000048   Data   RW         4262    .data               oled_ui_menudata.o
    0x200007f0   COMPRESSED   0x00000028   Data   RW         4363    .data               time_page.o
    0x20000818   COMPRESSED   0x00000010   Data   RW         4438    .data               yxmp3.o
    0x20000828   COMPRESSED   0x00000006   Data   RW         4580    .data               main.o
    0x2000082e   COMPRESSED   0x00000002   PAD
    0x20000830   COMPRESSED   0x0000000c   Data   RW         4832    .data               aht20.o
    0x2000083c   COMPRESSED   0x00000028   Data   RW         5020    .data               voltage_mea.o
    0x20000864   COMPRESSED   0x00000001   Data   RW         5073    .data               video_app.o
    0x20000865   COMPRESSED   0x00000003   PAD
    0x20000868        -       0x0000000e   Zero   RW         3329    .bss                myrtc.o
    0x20000876        -       0x00000400   Zero   RW         3704    .bss                oled_driver.o
    0x20000c76   COMPRESSED   0x00000002   PAD
    0x20000c78        -       0x00000198   Zero   RW         3900    .bss                oled_ui.o
    0x20000e10        -       0x00000490   Zero   RW         4240    .bss                oled_ui_menudata.o
    0x200012a0        -       0x00000064   Zero   RW         4437    .bss                yxmp3.o
    0x20001304        -       0x000001f4   Zero   RW         5019    .bss                voltage_mea.o
    0x200014f8        -       0x0000002c   Zero   RW         5148    .bss                c_w.l(localtime.o)
    0x20001524        -       0x00000060   Zero   RW         5551    .bss                c_w.l(libspace.o)
    0x20001584   COMPRESSED   0x00000004   PAD
    0x20001588        -       0x00000200   Zero   RW            2    HEAP                startup_stm32f10x_md.o
    0x20001788        -       0x00000400   Zero   RW            1    STACK               startup_stm32f10x_md.o


==============================================================================

Image component sizes


      Code (inc. data)   RO Data    RW Data    ZI Data      Debug   Object Name

       192         16          0          0          0       1068   ad.o
      1406         52          0         12          0      13326   aht20.o
         0          0          0          0          0       4053   bootloader.o
         0          0          0          0          0       4500   core_cm3.o
       116         20          0          4          0       1100   delay.o
       712         80          0          6          0       3079   main.o
       144         16          0          0          0     216269   misc.o
       202          0          0          0          0       2849   mpu6050.o
       302         20          0          0          0       4870   myi2c.o
       254         12          0         14         14       3031   myrtc.o
      4318        128          0          0          0      23754   oled.o
       800         64          0          3       1024       6815   oled_driver.o
         0          0       9310          0          0       3242   oled_fonts.o
      9972        560         20         82        408      36525   oled_ui.o
       254         14          0          0          0       3541   oled_ui_driver.o
      1890        186        522       1880       1168      14992   oled_ui_menudata.o
       320         30          0          4          0       2453   serial1.o
        64         26        236          0       1536        808   startup_stm32f10x_md.o
       248         30          0          1          0       1315   stm32_power.o
       336         10          0          0          0      19168   stm32f10x_adc.o
        32          8          0          0          0       1999   stm32f10x_bkp.o
       384         26          0          0          0      15280   stm32f10x_dma.o
       156         14          0          0          0       4088   stm32f10x_exti.o
       322         12          0          0          0      13476   stm32f10x_gpio.o
        18          0          0          0          0       3578   stm32f10x_it.o
       116         28          0          0          0       1904   stm32f10x_pwr.o
       344         60          0         20          0      15980   stm32f10x_rcc.o
       156         34          0          0          0       3569   stm32f10x_rtc.o
        98          0          0          0          0      10402   stm32f10x_spi.o
       548         60          0          0          0      30264   stm32f10x_tim.o
       344          6          0          0          0      12335   stm32f10x_usart.o
       248         24          0         20          0      61701   system_stm32f10x.o
      3040        382        155         40          0       9242   time_page.o
      1188        238          0          1          0       6095   video_app.o
      3636        400          0         40        500       7536   voltage_mea.o
       528         18          0          0          0       5850   w25q128_spi1.o
      2202        222          0         16        100       7171   yxmp3.o

    ----------------------------------------------------------------------
     34932       2796      10290       2152       4752     577228   Object Totals
         0          0         32          0          0          0   (incl. Generated)
        42          0         15          9          2          0   (incl. Padding)

    ----------------------------------------------------------------------

      Code (inc. data)   RO Data    RW Data    ZI Data      Debug   Library Member Name

        90          0          0          0          0          0   __dczerorl2.o
         8          0          0          0          0         68   __main.o
       392          4         17          0          0         92   __printf_flags_ss_wp.o
        14          0          0          0          0         68   __printf_wp.o
         0          0          0          0          0          0   __rtentry.o
        12          0          0          0          0          0   __rtentry2.o
         6          0          0          0          0          0   __rtentry4.o
        52          8          0          0          0          0   __scatter.o
        28          0          0          0          0          0   __scatter_zi.o
         0          0         12          0          0          0   _monlen.o
         6          0          0          0          0          0   _printf_a.o
         6          0          0          0          0          0   _printf_c.o
        44          0          0          0          0        108   _printf_char.o
        48          6          0          0          0         96   _printf_char_common.o
        40          0          0          0          0         68   _printf_charcount.o
         6          0          0          0          0          0   _printf_d.o
       120         16          0          0          0         92   _printf_dec.o
         6          0          0          0          0          0   _printf_e.o
         6          0          0          0          0          0   _printf_f.o
      1050          0          0          0          0        216   _printf_fp_dec.o
       764         10         38          0          0        100   _printf_fp_hex.o
       128         16          0          0          0         84   _printf_fp_infnan.o
         6          0          0          0          0          0   _printf_g.o
       148          4         40          0          0        160   _printf_hex_int_ll_ptr.o
         6          0          0          0          0          0   _printf_i.o
       178          0          0          0          0         88   _printf_intcommon.o
        10          0          0          0          0          0   _printf_l.o
         6          0          0          0          0          0   _printf_lc.o
        10          0          0          0          0          0   _printf_ll.o
         6          0          0          0          0          0   _printf_lld.o
         6          0          0          0          0          0   _printf_lli.o
         6          0          0          0          0          0   _printf_llo.o
         6          0          0          0          0          0   _printf_llu.o
         6          0          0          0          0          0   _printf_llx.o
       124         16          0          0          0         92   _printf_longlong_dec.o
         6          0          0          0          0          0   _printf_ls.o
         6          0          0          0          0          0   _printf_n.o
         6          0          0          0          0          0   _printf_o.o
       112          8          0          0          0        124   _printf_oct_int_ll.o
         6          0          0          0          0          0   _printf_p.o
        78          0          0          0          0        108   _printf_pad.o
         0          0          0          0          0          0   _printf_percent.o
         4          0          0          0          0          0   _printf_percent_end.o
         6          0          0          0          0          0   _printf_s.o
        82          0          0          0          0         80   _printf_str.o
        36          0          0          0          0         84   _printf_truncate.o
         6          0          0          0          0          0   _printf_u.o
        44          0          0          0          0        108   _printf_wchar.o
       188          6          8          0          0         92   _printf_wctomb.o
         6          0          0          0          0          0   _printf_x.o
        16          0          0          0          0         68   _snputc.o
        10          0          0          0          0         68   _sputc.o
        64          0          0          0          0         92   _wcrtomb.o
       220          4        148          0          0         96   bigflt0.o
      1910        128          0          0          0        672   btod.o
        18          0          0          0          0         80   exit.o
         6          0          0          0          0        152   heapauxi.o
         0          0          0          0          0          0   indicate_semi.o
        44         10        272          0          0         76   lc_ctype_c.o
        44         10         28          0          0         76   lc_numeric_c.o
         2          0          0          0          0          0   libinit.o
        30          0          0          0          0          0   libinit2.o
         2          0          0          0          0          0   libshutdown.o
         2          0          0          0          0          0   libshutdown2.o
         8          4          0          0         96         68   libspace.o
       138          0          0          0          0         80   lludiv10.o
        12          6          0          0         44         68   localtime.o
       184          6          0          0          0         80   localtime_internal.o
       424         10          0          0          0        124   mktime.o
        16          4          0          0          0         76   rt_ctype_table.o
         8          4          0          0          0         68   rt_locale_intlibspace.o
        78          0          0          0          0         80   rt_memclr_w.o
       138          0          0          0          0         68   rt_memcpy_v6.o
       100          0          0          0          0         80   rt_memcpy_w.o
         2          0          0          0          0          0   rtexit.o
        10          0          0          0          0          0   rtexit2.o
       128          0          0          0          0         68   strcmpv7m.o
        12          4          0          0          0         68   sys_exit.o
        74          0          0          0          0         80   sys_stackheap_outer.o
         2          0          0          0          0         68   use_no_semi.o
        52          4          0          0          0         80   vsnprintf.o
        36          4          0          0          0         76   vsprintf.o
        98          4          0          0          0         92   d2f.o
       826         16          0          0          0        348   daddsub_clz.o
        16          4          0          0          0         68   dcheck1.o
       310          8          0          0          0        180   dcmp4.o
        24          0          0          0          0         68   dcmpi.o
       688        140          0          0          0        208   ddiv.o
        94          4          0          0          0         92   dfix.o
        90          4          0          0          0         92   dfixu.o
        84          0          0          0          0        136   dflt_clz.o
       120          4          0          0          0         92   dleqf.o
       340         12          0          0          0        104   dmul.o
       156          4          0          0          0         92   dnaninf.o
        12          0          0          0          0         68   dretinf.o
       108          0          0          0          0         80   drleqf.o
       180          4          0          0          0         80   drnd.o
        86          4          0          0          0         84   f2d.o
       450          8          0          0          0        236   faddsub_clz.o
        12          4          0          0          0         68   fcheck1.o
        24          0          0          0          0         68   fcmpi.o
       388         76          0          0          0         96   fdiv.o
       104          4          0          0          0         84   feqf.o
        54          4          0          0          0         84   ffix.o
        62          4          0          0          0         84   ffixu.o
        86          0          0          0          0        136   fflt_clz.o
       104          4          0          0          0         84   fleqf.o
       258          4          0          0          0         84   fmul.o
       140          4          0          0          0         84   fnaninf.o
        10          0          0          0          0         68   fretinf.o
        98          0          0          0          0         68   frleqf.o
         4          0          0          0          0         68   printf1.o
         4          0          0          0          0         68   printf2.o
       100          0          0          0          0         68   retnan.o
        92          0          0          0          0         68   scalbn.o
        76          0          0          0          0         68   scalbnf.o
        48          0          0          0          0         68   trapv.o
         0          0          0          0          0          0   usenofp.o
       544         70        152          0          0        124   atan.o
       384         38          0          0          0        144   atan2.o
       220         16          0          0          0         84   ceil.o
        26          6          0          0          0        204   dunder.o
        66          0          0          0          0         84   fmin.o
        40          0          0          0          0         68   fpclassify.o
       170          0          0          0          0         96   poly.o
         0          0          8          0          0          0   qnan.o
       148         12          0          0          0         88   round.o

    ----------------------------------------------------------------------
     14706        754        728          0        144       8968   Library Totals
        42          0          5          0          4          0   (incl. Padding)

    ----------------------------------------------------------------------

      Code (inc. data)   RO Data    RW Data    ZI Data      Debug   Library Name

      7720        292        563          0        140       4540   c_w.l
      5346        320          0          0          0       3536   fz_ws.l
      1598        142        160          0          0        892   m_ws.l

    ----------------------------------------------------------------------
     14706        754        728          0        144       8968   Library Totals

    ----------------------------------------------------------------------

==============================================================================


      Code (inc. data)   RO Data    RW Data    ZI Data      Debug   

     49638       3550      11018       2152       4896     565756   Grand Totals
     49638       3550      11018        584       4896     565756   ELF Image Totals (compressed)
     49638       3550      11018        584          0          0   ROM Totals

==============================================================================

    Total RO  Size (Code + RO Data)                60656 (  59.23kB)
    Total RW  Size (RW Data + ZI Data)              7048 (   6.88kB)
    Total ROM Size (Code + RO Data + RW Data)      61240 (  59.80kB)

==============================================================================

